<html>
<body>
<pre>
<h1>µVision Build Log</h1>
<h2>Project:</h2>
G:\DesktopTemp\stm32F1 ±ê×¼Ä£°å2015.3.10\USER\USART.uvprojx
Project File Date:  06/04/2015

<h2>Output:</h2>
Build target 'Target 1'
compiling main.cpp...
compiling timer.cpp...
..\HARDWARE\TIMER\timer.cpp(14): warning:  #1267-D: Implicit physical register R5 should be defined as a variable
                        ldr r5, [Address_BASE]  
..\HARDWARE\TIMER\timer.cpp(76): warning:  #1267-D: Implicit physical register R4 should be defined as a variable
                        mrs r4, msp
..\HARDWARE\TIMER\timer.cpp: 2 warnings, 0 errors
assembling timer.s...
linking...
Program Size: Code=9584 RO-data=268 RW-data=96 ZI-data=2624  
".\USART.axf" - 0 Error(s), 2 Warning(s).
13:44:46
Hardware: V8.00
S/N : 17935099 
Feature(s) : RDI,FlashDL,FlashBP,JFlash 
 
* JLink Info: Found SWD-DP with ID 0x1BA01477
* JLink Info: Found SWD-DP with ID 0x1BA01477
* JLink Info: Found Cortex-M3 r1p1, Little endian.
* JLink Info: FPUnit: 6 code (BP) slots and 2 literal slots
* JLink Info: TPIU fitted.
ROMTableAddr = 0xE00FF003
 
Target info:
------------
Device: STM32F103RB
VTarget = 3.287V
State of Pins: 
TCK: 0, TDI: 1, TDO: 1, TMS: 1, TRES: 1, TRST: 1
Hardware-Breakpoints: 6
Software-Breakpoints: 8192
Watchpoints:          4
JTAG speed: 4000 kHz
 
Full Chip Erase Done.
Programming Done.
Verify OK.
Application running ...
