<html>
<body>
<pre>
<h1>礦ision Build Log</h1>
<h2>Tool Versions:</h2>
IDE-Version: μVision V5.17.0.0
Copyright (C) 2015 ARM Ltd and ARM Germany GmbH. All rights reserved.
License Information: aaa Microsoft, Microsoft, LIC=6XJMM-XTELC-QH38A-12CXY-5QI6W-CH025
 
Tool Versions:
Toolchain:       MDK-ARM Professional  Version: 5.17
Toolchain Path:  D:\Keil_v5\ARM\ARMCC\Bin
C Compiler:      Armcc.exe V5.06 update 1 (build 61)
Assembler:       Armasm.exe V5.06 update 1 (build 61)
Linker/Locator:  ArmLink.exe V5.06 update 1 (build 61)
Library Manager: ArmAr.exe V5.06 update 1 (build 61)
Hex Converter:   FromElf.exe V5.06 update 1 (build 61)
CPU DLL:         SARMCM3.DLL V5.17
Dialog DLL:      DCM.DLL V1.13.4.0
Target DLL:      Segger\JL2CM3.dll V2.99.16.0
Dialog DLL:      TCM.DLL V1.14.6.0
 
<h2>Project:</h2>
F:\毕业设计  张鸿\调度器\os_demo\2_os\uvproj\stm32test.uvprojx
Project File Date:  04/14/2017

<h2>Output:</h2>
*** Using Compiler 'V5.06 update 1 (build 61)', folder: 'D:\Keil_v5\ARM\ARMCC\Bin'
Rebuild target 'APP'
compiling stm32f10x__spi.cpp...
compiling stm32f10x__tim.cpp...
compiling template.cc...
compiling cpp_Test.cpp...
compiling allocator.cpp...
compiling stm32f10x_it.cpp...
compiling SYS.cpp...
compiling usart.cpp...
compiling IOStream.cpp...
compiling nstd_type.cpp...
compiling Debug.cpp...
assembling startup_stm32f10x_hd.s...
compiling utilities.cpp...
compiling core_cm3.c...
compiling stm32f10x__NVIC.cpp...
compiling stm32f10x__GPIO_CPin.cpp...
compiling stm32f10x__RCC.cpp...
compiling FAT_FS.cpp...
compiling stm32f10x__USART.cpp...
compiling stm32f10x__GPIO.cpp...
compiling MMC_SD.cpp...
compiling lcd_gui.cpp...
compiling ILI93xx.cpp...
compiling font.cpp...
..\LCD\font.cpp(8): warning:  #177-D: variable "asc2_1206" was declared but never referenced
  const unsigned char asc2_1206[95][12]={
..\LCD\font.cpp: 1 warning, 0 errors
linking...
Program Size: Code=13792 RO-data=2080 RW-data=48 ZI-data=1768  
FromELF: creating hex file...
".\output\stm32test.axf" - 0 Error(s), 1 Warning(s).

<h2>Software Packages used:</h2>

Package Vendor: ARM
                http://www.keil.com/pack/ARM.CMSIS.4.5.0.pack
                ARM::CMSIS:CORE:4.3.0
                CMSIS (Cortex Microcontroller Software Interface Standard)
   * Component: CORE Version: 4.3.0

<h2>Collection of Component include folders:</h2>
  F:\毕业设计  张鸿\调度器\os_demo\2_os\uvproj\RTE
  D:\Keil_v5\ARM\PACK\ARM\CMSIS\4.5.0\CMSIS\Include
  D:\Keil_v5\ARM\PACK\Keil\STM32F1xx_DFP\1.0.5\Device\Include

<h2>Collection of Component Files used:</h2>

   * Component: ARM::CMSIS:CORE:4.3.0
Build Time Elapsed:  00:00:06
</pre>
</body>
</html>
