Component: ARM Compiler 5.06 update 1 (build 61) Tool: armlink [4d35a8]

==============================================================================

Section Cross References

    lw_oopc.o(i.lw_oopc_free) refers to log.o(i.ZHLog) for ZHLog
    lw_oopc.o(i.lw_oopc_free) refers to memory.o(i.myfree) for myfree
    lw_oopc.o(i.lw_oopc_free) refers to lw_oopc.o(.data) for lw_oopc_memAllocList
    lw_oopc.o(i.lw_oopc_malloc) refers to memory.o(i.mymalloc) for mymalloc
    lw_oopc.o(i.lw_oopc_malloc) refers to log.o(i.ZHLog) for ZHLog
    lw_oopc.o(i.lw_oopc_malloc) refers to strlen.o(.text) for strlen
    lw_oopc.o(i.lw_oopc_malloc) refers to strcpy.o(.text) for strcpy
    lw_oopc.o(i.lw_oopc_malloc) refers to lw_oopc.o(.data) for lw_oopc_memAllocList
    lw_oopc.o(i.lw_oopc_malloc) refers to lw_oopc.o(.conststring) for .conststring
    lw_oopc.o(i.lw_oopc_report) refers to log.o(i.ZHLog) for ZHLog
    lw_oopc.o(i.lw_oopc_report) refers to memory.o(i.mymemperused) for mymemperused
    lw_oopc.o(i.lw_oopc_report) refers to lw_oopc.o(.data) for lw_oopc_memAllocList
    memory.o(i._mem_free) refers to memory.o(i._mem_init) for _mem_init
    memory.o(i._mem_free) refers to memory.o(.data) for _mallco_dev
    memory.o(i._mem_init) refers to memory.o(i.mymemset) for mymemset
    memory.o(i._mem_init) refers to memory.o(.data) for _mallco_dev
    memory.o(i._mem_malloc) refers to memory.o(i._mem_init) for _mem_init
    memory.o(i._mem_malloc) refers to memory.o(.data) for _mallco_dev
    memory.o(i.myfree) refers to memory.o(i._mem_free) for _mem_free
    memory.o(i.myfree) refers to memory.o(.data) for _mallco_dev
    memory.o(i.mymalloc) refers to memory.o(i._mem_malloc) for _mem_malloc
    memory.o(i.mymalloc) refers to memory.o(.data) for _mallco_dev
    memory.o(i.mymemperused) refers to memory.o(.data) for _mallco_dev
    memory.o(.data) refers to memory.o(.bss) for membase
    switch.o(.emb_text) refers to switch.o(.data) for TaskRuning
    switch.o(i.CreateTask) refers to switch.o(i.CreateTaskWithTackDeep) for CreateTaskWithTackDeep
    switch.o(i.CreateTaskWithTackDeep) refers to memory.o(i.mymalloc) for mymalloc
    switch.o(i.CreateTaskWithTackDeep) refers to log.o(i.ZHLog) for ZHLog
    switch.o(i.CreateTaskWithTackDeep) refers to switch.o(.data) for TCBQueue
    switch.o(i.SwitchDelay) refers to switch.o(.emb_text) for TaskSwitch
    switch.o(i.SwitchDelay) refers to switch.o(.data) for TaskRuning
    switch.o(i.SwitchStart) refers to queue.o(i.ZHQueue_new) for ZHQueue_new
    switch.o(i.SwitchStart) refers to core_cm3.o(.emb_text) for __set_PSP
    switch.o(i.SwitchStart) refers to switch.o(i.CreateTask) for CreateTask
    switch.o(i.SwitchStart) refers to switch.o(.data) for TCBQueue
    switch.o(i.SwitchStart) refers to switch.o(i.TaskIdle) for TaskIdle
    switch.o(i.SwitchStart) refers to system_stm32f10x.o(.data) for SystemCoreClock
    switch.o(i.SysTick_Handler) refers to switch.o(.data) for sysTickTime
    switch.o(i.TaskEnd) refers to memory.o(i.myfree) for myfree
    switch.o(i.TaskEnd) refers to switch.o(.emb_text) for TaskSwitch
    switch.o(i.TaskEnd) refers to switch.o(.data) for TCBQueue
    switch.o(i.TaskIdle) refers to switch.o(i.SwitchDelay) for SwitchDelay
    switch.o(i.ZHOSCond_ctor) refers to lw_oopc.o(i.rootClass_ctor) for rootClass_ctor
    switch.o(i.ZHOSCond_ctor) refers to switch.o(i.ZHOSConddealloc11111) for ZHOSConddealloc11111
    switch.o(i.ZHOSCond_new) refers to lw_oopc.o(i.lw_oopc_malloc) for lw_oopc_malloc
    switch.o(i.ZHOSCond_new) refers to switch.o(i.ZHOSCond_ctor) for ZHOSCond_ctor
    switch.o(i.ZHOSCond_release) refers to lw_oopc.o(i.lw_oopc_free) for lw_oopc_free
    switch.o(i.condWait) refers to switch.o(i.getOSTickTime) for getOSTickTime
    switch.o(i.condWait) refers to switch.o(i.SwitchDelay) for SwitchDelay
    switch.o(i.createCond) refers to switch.o(i.ZHOSCond_new) for ZHOSCond_new
    switch.o(i.getOSTickTime) refers to switch.o(.data) for sysTickTime
    switch.o(i.releaseCond) refers to switch.o(i.ZHOSCond_release) for ZHOSCond_release
    log.o(i.ZHLog) refers to c89vsprintf.o(.text) for __c89vsprintf
    log.o(i.ZHLog) refers to strlen.o(.text) for strlen
    log.o(i.ZHLog) refers to stm32f10x_usart.o(i.USART_GetFlagStatus) for USART_GetFlagStatus
    log.o(i.ZHLog) refers to stm32f10x_usart.o(i.USART_SendData) for USART_SendData
    log.o(i.ZHLog) refers to log.o(.bss) for TXBUF
    log.o(i.uart_init) refers to stm32f10x_rcc.o(i.RCC_APB2PeriphClockCmd) for RCC_APB2PeriphClockCmd
    log.o(i.uart_init) refers to stm32f10x_gpio.o(i.GPIO_Init) for GPIO_Init
    log.o(i.uart_init) refers to misc.o(i.NVIC_Init) for NVIC_Init
    log.o(i.uart_init) refers to stm32f10x_usart.o(i.USART_Init) for USART_Init
    log.o(i.uart_init) refers to stm32f10x_usart.o(i.USART_ITConfig) for USART_ITConfig
    log.o(i.uart_init) refers to stm32f10x_usart.o(i.USART_Cmd) for USART_Cmd
[...]
    ../clib/printf_percent.s                 0x00000000   Number         0  _printf_percent.o ABSOLUTE
    ../clib/printf_percent.s                 0x00000000   Number         0  _printf_a.o ABSOLUTE
    ../clib/printf_percent.s                 0x00000000   Number         0  _printf_x.o ABSOLUTE
    ../clib/printf_percent.s                 0x00000000   Number         0  _printf_f.o ABSOLUTE
    ../clib/printf_percent.s                 0x00000000   Number         0  _printf_p.o ABSOLUTE
    ../clib/printf_percent.s                 0x00000000   Number         0  _printf_llx.o ABSOLUTE
    ../clib/printf_percent.s                 0x00000000   Number         0  _printf_o.o ABSOLUTE
    ../clib/printf_percent.s                 0x00000000   Number         0  _printf_llo.o ABSOLUTE
    ../clib/printf_percent.s                 0x00000000   Number         0  _printf_i.o ABSOLUTE
    ../clib/printf_percent.s                 0x00000000   Number         0  _printf_e.o ABSOLUTE
    ../clib/printf_percent.s                 0x00000000   Number         0  _printf_d.o ABSOLUTE
    ../clib/printf_percent.s                 0x00000000   Number         0  _printf_ll.o ABSOLUTE
    ../clib/printf_percent.s                 0x00000000   Number         0  _printf_u.o ABSOLUTE
    ../clib/printf_percent.s                 0x00000000   Number         0  _printf_percent_end.o ABSOLUTE
    ../clib/printf_percent.s                 0x00000000   Number         0  _printf_lc.o ABSOLUTE
    ../clib/printf_percent.s                 0x00000000   Number         0  _printf_l.o ABSOLUTE
    ../clib/printf_percent.s                 0x00000000   Number         0  _printf_ls.o ABSOLUTE
    ../clib/printf_percent.s                 0x00000000   Number         0  _printf_llu.o ABSOLUTE
    ../clib/printf_percent.s                 0x00000000   Number         0  _printf_lld.o ABSOLUTE
    ../clib/signal.c                         0x00000000   Number         0  defsig_pvfn_inner.o ABSOLUTE
    ../clib/signal.c                         0x00000000   Number         0  defsig_rtmem_outer.o ABSOLUTE
    ../clib/signal.c                         0x00000000   Number         0  defsig_other.o ABSOLUTE
    ../clib/signal.c                         0x00000000   Number         0  defsig_segv_inner.o ABSOLUTE
    ../clib/signal.c                         0x00000000   Number         0  defsig_cppl_inner.o ABSOLUTE
    ../clib/signal.c                         0x00000000   Number         0  defsig_stak_inner.o ABSOLUTE
    ../clib/signal.c                         0x00000000   Number         0  defsig_rtred_inner.o ABSOLUTE
    ../clib/signal.c                         0x00000000   Number         0  defsig_fpe_inner.o ABSOLUTE
    ../clib/signal.c                         0x00000000   Number         0  defsig_abrt_inner.o ABSOLUTE
    ../clib/signal.c                         0x00000000   Number         0  defsig_general.o ABSOLUTE
    ../clib/signal.c                         0x00000000   Number         0  __raise.o ABSOLUTE
    ../clib/signal.c                         0x00000000   Number         0  defsig_rtmem_inner.o ABSOLUTE
    ../clib/signal.c                         0x00000000   Number         0  defsig_exit.o ABSOLUTE
    ../clib/signal.c                         0x00000000   Number         0  defsig_rtmem_formal.o ABSOLUTE
    ../clib/signal.s                         0x00000000   Number         0  defsig.o ABSOLUTE
    ../clib/stdlib.c                         0x00000000   Number         0  exit.o ABSOLUTE
    ../clib/string.c                         0x00000000   Number         0  strlen.o ABSOLUTE
    ../clib/string.c                         0x00000000   Number         0  strcpy.o ABSOLUTE
    ../fplib/fpinit.s                        0x00000000   Number         0  fpinit.o ABSOLUTE
    ../fplib/istatus.s                       0x00000000   Number         0  istatus.o ABSOLUTE
    ../fplib/printf1.s                       0x00000000   Number         0  printf1.o ABSOLUTE
    ../fplib/usenofp.s                       0x00000000   Number         0  usenofp.o ABSOLUTE
    ../mathlib/fpclassify.c                  0x00000000   Number         0  fpclassify.o ABSOLUTE
    APP\src\main.c                           0x00000000   Number         0  main.o ABSOLUTE
    CORE\\src\\core_cm3.c                    0x00000000   Number         0  core_cm3.o ABSOLUTE
    CORE\src\core_cm3.c                      0x00000000   Number         0  core_cm3.o ABSOLUTE
    CORE\src\startup_stm32f10x_hd.s          0x00000000   Number         0  startup_stm32f10x_hd.o ABSOLUTE
    STM32F10x_FWLib\src\misc.c               0x00000000   Number         0  misc.o ABSOLUTE
    STM32F10x_FWLib\src\stm32f10x_gpio.c     0x00000000   Number         0  stm32f10x_gpio.o ABSOLUTE
    STM32F10x_FWLib\src\stm32f10x_rcc.c      0x00000000   Number         0  stm32f10x_rcc.o ABSOLUTE
    STM32F10x_FWLib\src\stm32f10x_usart.c    0x00000000   Number         0  stm32f10x_usart.o ABSOLUTE
    SYS\\src\\sys.c                          0x00000000   Number         0  sys.o ABSOLUTE
    SYS\src\sys.c                            0x00000000   Number         0  sys.o ABSOLUTE
    SYS\src\system_stm32f10x.c               0x00000000   Number         0  system_stm32f10x.o ABSOLUTE
    ZHOS\\src\\switch.c                      0x00000000   Number         0  switch.o ABSOLUTE
    ZHOS\src\ZHOS.c                          0x00000000   Number         0  zhos.o ABSOLUTE
    ZHOS\src\log.c                           0x00000000   Number         0  log.o ABSOLUTE
    ZHOS\src\lw_oopc.c                       0x00000000   Number         0  lw_oopc.o ABSOLUTE
    ZHOS\src\memory.c                        0x00000000   Number         0  memory.o ABSOLUTE
    ZHOS\src\queue.c                         0x00000000   Number         0  queue.o ABSOLUTE
    ZHOS\src\switch.c                        0x00000000   Number         0  switch.o ABSOLUTE
    dc.s                                     0x00000000   Number         0  dc.o ABSOLUTE
    RESET                                    0x08000000   Section      304  startup_stm32f10x_hd.o(RESET)
    !!!main                                  0x08000130   Section        8  __main.o(!!!main)
    !!!scatter                               0x08000138   Section       52  __scatter.o(!!!scatter)
    !!handler_copy                           0x0800016c   Section       26  __scatter_copy.o(!!handler_copy)
    !!handler_zi                             0x08000188   Section       28  __scatter_zi.o(!!handler_zi)
    .ARM.Collect$$_printf_percent$$00000000  0x080001a4   Section        0  _printf_percent.o(.ARM.Collect$$_printf_percent$$00000000)
    .ARM.Collect$$_printf_percent$$00000001  0x080001a4   Section        6  _printf_n.o(.ARM.Collect$$_printf_percent$$00000001)
    .ARM.Collect$$_printf_percent$$00000002  0x080001aa   Section        6  _printf_p.o(.ARM.Collect$$_printf_percent$$00000002)
    .ARM.Collect$$_printf_percent$$00000003  0x080001b0   Section        6  _printf_f.o(.ARM.Collect$$_printf_percent$$00000003)
    .ARM.Collect$$_printf_percent$$00000004  0x080001b6   Section        6  _printf_e.o(.ARM.Collect$$_printf_percent$$00000004)
    .ARM.Collect$$_printf_percent$$00000005  0x080001bc   Section        6  _printf_g.o(.ARM.Collect$$_printf_percent$$00000005)
    .ARM.Collect$$_printf_percent$$00000006  0x080001c2   Section        6  _printf_a.o(.ARM.Collect$$_printf_percent$$00000006)
    .ARM.Collect$$_printf_percent$$00000007  0x080001c8   Section       10  _printf_ll.o(.ARM.Collect$$_printf_percent$$00000007)
    .ARM.Collect$$_printf_percent$$00000008  0x080001d2   Section        6  _printf_i.o(.ARM.Collect$$_printf_percent$$00000008)
    .ARM.Collect$$_printf_percent$$00000009  0x080001d8   Section        6  _printf_d.o(.ARM.Collect$$_printf_percent$$00000009)
    .ARM.Collect$$_printf_percent$$0000000A  0x080001de   Section        6  _printf_u.o(.ARM.Collect$$_printf_percent$$0000000A)
    .ARM.Collect$$_printf_percent$$0000000B  0x080001e4   Section        6  _printf_o.o(.ARM.Collect$$_printf_percent$$0000000B)
    .ARM.Collect$$_printf_percent$$0000000C  0x080001ea   Section        6  _printf_x.o(.ARM.Collect$$_printf_percent$$0000000C)
    .ARM.Collect$$_printf_percent$$0000000D  0x080001f0   Section        6  _printf_lli.o(.ARM.Collect$$_printf_percent$$0000000D)
    .ARM.Collect$$_printf_percent$$0000000E  0x080001f6   Section        6  _printf_lld.o(.ARM.Collect$$_printf_percent$$0000000E)
    .ARM.Collect$$_printf_percent$$0000000F  0x080001fc   Section        6  _printf_llu.o(.ARM.Collect$$_printf_percent$$0000000F)
    .ARM.Collect$$_printf_percent$$00000010  0x08000202   Section        6  _printf_llo.o(.ARM.Collect$$_printf_percent$$00000010)
    .ARM.Collect$$_printf_percent$$00000011  0x08000208   Section        6  _printf_llx.o(.ARM.Collect$$_printf_percent$$00000011)
    .ARM.Collect$$_printf_percent$$00000012  0x0800020e   Section       10  _printf_l.o(.ARM.Collect$$_printf_percent$$00000012)
    .ARM.Collect$$_printf_percent$$00000013  0x08000218   Section        6  _printf_c.o(.ARM.Collect$$_printf_percent$$00000013)
    .ARM.Collect$$_printf_percent$$00000014  0x0800021e   Section        6  _printf_s.o(.ARM.Collect$$_printf_percent$$00000014)
    .ARM.Collect$$_printf_percent$$00000015  0x08000224   Section        6  _printf_lc.o(.ARM.Collect$$_printf_percent$$00000015)
    .ARM.Collect$$_printf_percent$$00000016  0x0800022a   Section        6  _printf_ls.o(.ARM.Collect$$_printf_percent$$00000016)
    .ARM.Collect$$_printf_percent$$00000017  0x08000230   Section        4  _printf_percent_end.o(.ARM.Collect$$_printf_percent$$00000017)
    .ARM.Collect$$libinit$$00000000          0x08000234   Section        2  libinit.o(.ARM.Collect$$libinit$$00000000)
    .ARM.Collect$$libinit$$00000002          0x08000236   Section        0  libinit2.o(.ARM.Collect$$libinit$$00000002)
    .ARM.Collect$$libinit$$00000004          0x08000236   Section        0  libinit2.o(.ARM.Collect$$libinit$$00000004)
    .ARM.Collect$$libinit$$0000000A          0x08000236   Section        0  libinit2.o(.ARM.Collect$$libinit$$0000000A)
    .ARM.Collect$$libinit$$0000000C          0x08000236   Section        0  libinit2.o(.ARM.Collect$$libinit$$0000000C)
    .ARM.Collect$$libinit$$0000000E          0x08000236   Section        0  libinit2.o(.ARM.Collect$$libinit$$0000000E)
    .ARM.Collect$$libinit$$0000000F          0x08000236   Section        6  libinit2.o(.ARM.Collect$$libinit$$0000000F)
    .ARM.Collect$$libinit$$00000011          0x0800023c   Section        0  libinit2.o(.ARM.Collect$$libinit$$00000011)
    .ARM.Collect$$libinit$$00000012          0x0800023c   Section       12  libinit2.o(.ARM.Collect$$libinit$$00000012)
    .ARM.Collect$$libinit$$00000013          0x08000248   Section        0  libinit2.o(.ARM.Collect$$libinit$$00000013)
    .ARM.Collect$$libinit$$00000015          0x08000248   Section        0  libinit2.o(.ARM.Collect$$libinit$$00000015)
    .ARM.Collect$$libinit$$00000016          0x08000248   Section       10  libinit2.o(.ARM.Collect$$libinit$$00000016)
    .ARM.Collect$$libinit$$00000017          0x08000252   Section        0  libinit2.o(.ARM.Collect$$libinit$$00000017)
    .ARM.Collect$$libinit$$00000019          0x08000252   Section        0  libinit2.o(.ARM.Collect$$libinit$$00000019)
    .ARM.Collect$$libinit$$0000001B          0x08000252   Section        0  libinit2.o(.ARM.Collect$$libinit$$0000001B)
    .ARM.Collect$$libinit$$0000001D          0x08000252   Section        0  libinit2.o(.ARM.Collect$$libinit$$0000001D)
    .ARM.Collect$$libinit$$0000001F          0x08000252   Section        0  libinit2.o(.ARM.Collect$$libinit$$0000001F)
    .ARM.Collect$$libinit$$00000021          0x08000252   Section        0  libinit2.o(.ARM.Collect$$libinit$$00000021)
    .ARM.Collect$$libinit$$00000023          0x08000252   Section        0  libinit2.o(.ARM.Collect$$libinit$$00000023)
    .ARM.Collect$$libinit$$00000025          0x08000252   Section        0  libinit2.o(.ARM.Collect$$libinit$$00000025)
    .ARM.Collect$$libinit$$0000002C          0x08000252   Section        0  libinit2.o(.ARM.Collect$$libinit$$0000002C)
    .ARM.Collect$$libinit$$0000002E          0x08000252   Section        0  libinit2.o(.ARM.Collect$$libinit$$0000002E)
    .ARM.Collect$$libinit$$00000030          0x08000252   Section        0  libinit2.o(.ARM.Collect$$libinit$$00000030)
    .ARM.Collect$$libinit$$00000032          0x08000252   Section        0  libinit2.o(.ARM.Collect$$libinit$$00000032)
    .ARM.Collect$$libinit$$00000033          0x08000252   Section        2  libinit2.o(.ARM.Collect$$libinit$$00000033)
    .ARM.Collect$$libshutdown$$00000000      0x08000254   Section        2  libshutdown.o(.ARM.Collect$$libshutdown$$00000000)
    .ARM.Collect$$libshutdown$$00000002      0x08000256   Section        0  libshutdown2.o(.ARM.Collect$$libshutdown$$00000002)
    .ARM.Collect$$libshutdown$$00000004      0x08000256   Section        0  libshutdown2.o(.ARM.Collect$$libshutdown$$00000004)
    .ARM.Collect$$libshutdown$$00000007      0x08000256   Section        0  libshutdown2.o(.ARM.Collect$$libshutdown$$00000007)
    .ARM.Collect$$libshutdown$$0000000A      0x08000256   Section        0  libshutdown2.o(.ARM.Collect$$libshutdown$$0000000A)
    .ARM.Collect$$libshutdown$$0000000C      0x08000256   Section        0  libshutdown2.o(.ARM.Collect$$libshutdown$$0000000C)
    .ARM.Collect$$libshutdown$$0000000F      0x08000256   Section        0  libshutdown2.o(.ARM.Collect$$libshutdown$$0000000F)
    .ARM.Collect$$libshutdown$$00000010      0x08000256   Section        2  libshutdown2.o(.ARM.Collect$$libshutdown$$00000010)
    .ARM.Collect$$rtentry$$00000000          0x08000258   Section        0  __rtentry.o(.ARM.Collect$$rtentry$$00000000)
    .ARM.Collect$$rtentry$$00000002          0x08000258   Section        0  __rtentry2.o(.ARM.Collect$$rtentry$$00000002)
    .ARM.Collect$$rtentry$$00000004          0x08000258   Section        6  __rtentry4.o(.ARM.Collect$$rtentry$$00000004)
    .ARM.Collect$$rtentry$$00000009          0x0800025e   Section        0  __rtentry2.o(.ARM.Collect$$rtentry$$00000009)
    .ARM.Collect$$rtentry$$0000000A          0x0800025e   Section        4  __rtentry2.o(.ARM.Collect$$rtentry$$0000000A)
    .ARM.Collect$$rtentry$$0000000C          0x08000262   Section        0  __rtentry2.o(.ARM.Collect$$rtentry$$0000000C)
    .ARM.Collect$$rtentry$$0000000D          0x08000262   Section        8  __rtentry2.o(.ARM.Collect$$rtentry$$0000000D)
    .ARM.Collect$$rtexit$$00000000           0x0800026a   Section        2  rtexit.o(.ARM.Collect$$rtexit$$00000000)
    .ARM.Collect$$rtexit$$00000002           0x0800026c   Section        0  rtexit2.o(.ARM.Collect$$rtexit$$00000002)
    .ARM.Collect$$rtexit$$00000003           0x0800026c   Section        4  rtexit2.o(.ARM.Collect$$rtexit$$00000003)
    .ARM.Collect$$rtexit$$00000004           0x08000270   Section        6  rtexit2.o(.ARM.Collect$$rtexit$$00000004)
    .emb_text                                0x08000278   Section       84  switch.o(.emb_text)
    .emb_text                                0x080002cc   Section       32  core_cm3.o(.emb_text)
    .text                                    0x080002ec   Section       60  startup_stm32f10x_hd.o(.text)
    .text                                    0x08000328   Section        0  c89vsprintf.o(.text)
    .text                                    0x0800034c   Section        0  strcpy.o(.text)
    .text                                    0x08000394   Section        0  strlen.o(.text)
    .text                                    0x080003d2   Section        0  heapauxi.o(.text)
    .text                                    0x080003d8   Section        0  _printf_pad.o(.text)
    .text                                    0x08000426   Section        0  _printf_truncate.o(.text)
    .text                                    0x0800044a   Section        0  _printf_str.o(.text)
    .text                                    0x0800049c   Section        0  _printf_dec.o(.text)
    .text                                    0x08000514   Section        0  _printf_charcount.o(.text)
    .text                                    0x0800053c   Section        0  _printf_char_common.o(.text)
    _printf_input_char                       0x0800053d   Thumb Code    10  _printf_char_common.o(.text)
    .text                                    0x0800056c   Section        0  _sputc.o(.text)
    .text                                    0x08000578   Section        0  _printf_wctomb.o(.text)
    .text                                    0x08000634   Section        0  _printf_longlong_dec.o(.text)
    .text                                    0x080006b0   Section        0  _printf_oct_int_ll.o(.text)
    _printf_longlong_oct_internal            0x080006b1   Thumb Code     0  _printf_oct_int_ll.o(.text)
    .text                                    0x08000720   Section        0  _printf_hex_int_ll_ptr.o(.text)
    _printf_hex_common                       0x08000721   Thumb Code     0  _printf_hex_int_ll_ptr.o(.text)
    .text                                    0x080007b4   Section        0  __printf_flags_ss_wp.o(.text)
    .text                                    0x0800093c   Section      138  lludiv10.o(.text)
    .text                                    0x080009c6   Section        0  _printf_intcommon.o(.text)
    .text                                    0x08000a78   Section        0  _printf_fp_dec.o(.text)
    _fp_digits                               0x08000a7b   Thumb Code   428  _printf_fp_dec.o(.text)
    .text                                    0x08000e92   Section        0  _printf_char.o(.text)
    .text                                    0x08000ebe   Section        0  _printf_wchar.o(.text)
    .text                                    0x08000eea   Section        0  _wcrtomb.o(.text)
    .text                                    0x08000f2a   Section       74  sys_stackheap_outer.o(.text)
    .text                                    0x08000f74   Section       16  rt_ctype_table.o(.text)
    .text                                    0x08000f84   Section        8  rt_locale_intlibspace.o(.text)
    .text                                    0x08000f8c   Section        0  _printf_fp_infnan.o(.text)
    .text                                    0x0800100c   Section        0  bigflt0.o(.text)
    .text                                    0x080010e8   Section        0  exit.o(.text)
    .text                                    0x080010fc   Section        8  libspace.o(.text)
    .text                                    0x08001104   Section      128  strcmpv7m.o(.text)
    .text                                    0x08001184   Section        0  sys_exit.o(.text)
    .text                                    0x08001190   Section        2  use_no_semi.o(.text)
    .text                                    0x08001192   Section        0  indicate_semi.o(.text)
    CL$$btod_d2e                             0x08001192   Section       62  btod.o(CL$$btod_d2e)
    CL$$btod_d2e_denorm_low                  0x080011d0   Section       70  btod.o(CL$$btod_d2e_denorm_low)
    CL$$btod_d2e_norm_op1                    0x08001216   Section       96  btod.o(CL$$btod_d2e_norm_op1)
    CL$$btod_div_common                      0x08001276   Section      824  btod.o(CL$$btod_div_common)
    CL$$btod_e2e                             0x080015ae   Section      198  btod.o(CL$$btod_e2e)
    CL$$btod_ediv                            0x08001674   Section       40  btod.o(CL$$btod_ediv)
    CL$$btod_emul                            0x0800169c   Section       40  btod.o(CL$$btod_emul)
    CL$$btod_mult_common                     0x080016c4   Section      580  btod.o(CL$$btod_mult_common)
    i.CreateTask                             0x08001908   Section        0  switch.o(i.CreateTask)
    i.CreateTaskWithTackDeep                 0x0800191c   Section        0  switch.o(i.CreateTaskWithTackDeep)
    i.GPIO_Init                              0x080019a0   Section        0  stm32f10x_gpio.o(i.GPIO_Init)
    i.NVIC_Configuration                     0x08001ab6   Section        0  sys.o(i.NVIC_Configuration)
    i.NVIC_Init                              0x08001ac4   Section        0  misc.o(i.NVIC_Init)
    i.NVIC_PriorityGroupConfig               0x08001b34   Section        0  misc.o(i.NVIC_PriorityGroupConfig)
    i.OSClass_ctor                           0x08001b48   Section        0  zhos.o(i.OSClass_ctor)
    i.OSClass_new                            0x08001bb4   Section        0  zhos.o(i.OSClass_new)
    i.OSClassdealloc11111                    0x08001be0   Section        0  zhos.o(i.OSClassdealloc11111)
    i.RCC_APB2PeriphClockCmd                 0x08001be4   Section        0  stm32f10x_rcc.o(i.RCC_APB2PeriphClockCmd)
    i.RCC_GetClocksFreq                      0x08001c04   Section        0  stm32f10x_rcc.o(i.RCC_GetClocksFreq)
    i.SetSysClock                            0x08001cd8   Section        0  system_stm32f10x.o(i.SetSysClock)
    SetSysClock                              0x08001cd9   Thumb Code     8  system_stm32f10x.o(i.SetSysClock)
    i.SetSysClockTo72                        0x08001ce0   Section        0  system_stm32f10x.o(i.SetSysClockTo72)
    SetSysClockTo72                          0x08001ce1   Thumb Code   214  system_stm32f10x.o(i.SetSysClockTo72)
    i.SwitchDelay                            0x08001dc0   Section        0  switch.o(i.SwitchDelay)
    i.SwitchStart                            0x08001e40   Section        0  switch.o(i.SwitchStart)
    i.SwitchTask                             0x08001f04   Section        0  zhos.o(i.SwitchTask)
    i.SysTick_Handler                        0x08001f10   Section        0  switch.o(i.SysTick_Handler)
    i.SystemInit                             0x08001f5c   Section        0  system_stm32f10x.o(i.SystemInit)
    i.TaskEnd                                0x08001fbc   Section        0  switch.o(i.TaskEnd)
    i.TaskIdle                               0x08002038   Section        0  switch.o(i.TaskIdle)
    i.USART_Cmd                              0x08002044   Section        0  stm32f10x_usart.o(i.USART_Cmd)
    i.USART_GetFlagStatus                    0x0800205c   Section        0  stm32f10x_usart.o(i.USART_GetFlagStatus)
    i.USART_ITConfig                         0x08002076   Section        0  stm32f10x_usart.o(i.USART_ITConfig)
    i.USART_Init                             0x080020c0   Section        0  stm32f10x_usart.o(i.USART_Init)
    i.USART_SendData                         0x08002198   Section        0  stm32f10x_usart.o(i.USART_SendData)
    i.ZHLog                                  0x080021a0   Section        0  log.o(i.ZHLog)
    i.ZHOSCond_ctor                          0x080021f0   Section        0  switch.o(i.ZHOSCond_ctor)
    i.ZHOSCond_new                           0x08002204   Section        0  switch.o(i.ZHOSCond_new)
    i.ZHOSCond_release                       0x08002234   Section        0  switch.o(i.ZHOSCond_release)
    i.ZHOSConddealloc11111                   0x0800224e   Section        0  switch.o(i.ZHOSConddealloc11111)
    i.ZHOSInit                               0x08002250   Section        0  zhos.o(i.ZHOSInit)
    i.ZHQueue_ctor                           0x0800229c   Section        0  queue.o(i.ZHQueue_ctor)
    i.ZHQueue_new                            0x080022d8   Section        0  queue.o(i.ZHQueue_new)
    i.ZHQueuedealloc11111                    0x08002304   Section        0  queue.o(i.ZHQueuedealloc11111)
    i.__ARM_fpclassify                       0x08002306   Section        0  fpclassify.o(i.__ARM_fpclassify)
    i._is_digit                              0x0800232e   Section        0  __printf_wp.o(i._is_digit)
    i._mem_free                              0x0800233c   Section        0  memory.o(i._mem_free)
    _mem_free                                0x0800233d   Thumb Code    64  memory.o(i._mem_free)
    i._mem_init                              0x08002380   Section        0  memory.o(i._mem_init)
    _mem_init                                0x08002381   Thumb Code    38  memory.o(i._mem_init)
    i._mem_malloc                            0x080023ac   Section        0  memory.o(i._mem_malloc)
    _mem_malloc                              0x080023ad   Thumb Code   106  memory.o(i._mem_malloc)
    i.condSignal                             0x0800241c   Section        0  switch.o(i.condSignal)
    i.condWait                               0x08002424   Section        0  switch.o(i.condWait)
    i.consumer                               0x08002468   Section        0  main.o(i.consumer)
    i.createCond                             0x080024dc   Section        0  switch.o(i.createCond)
    i.deQueue                                0x08002500   Section        0  queue.o(i.deQueue)
    i.enQueue                                0x0800254c   Section        0  queue.o(i.enQueue)
    i.getConWithIndex                        0x0800259c   Section        0  queue.o(i.getConWithIndex)
    i.getOSTickTime                          0x080025e4   Section        0  switch.o(i.getOSTickTime)
    i.lw_oopc_free                           0x080025f0   Section        0  lw_oopc.o(i.lw_oopc_free)
    i.lw_oopc_malloc                         0x080026ac   Section        0  lw_oopc.o(i.lw_oopc_malloc)
    i.main                                   0x08002740   Section        0  main.o(i.main)
    i.myfree                                 0x08002780   Section        0  memory.o(i.myfree)
    i.mymalloc                               0x0800279c   Section        0  memory.o(i.mymalloc)
    i.mymemset                               0x080027bc   Section        0  memory.o(i.mymemset)
    i.producer                               0x080027d0   Section        0  main.o(i.producer)
    i.queueDealloc                           0x08002810   Section        0  queue.o(i.queueDealloc)
    i.queueInit                              0x0800281c   Section        0  queue.o(i.queueInit)
    i.releaseCond                            0x08002854   Section        0  switch.o(i.releaseCond)
    i.rootClass_ctor                         0x08002860   Section        0  lw_oopc.o(i.rootClass_ctor)
    i.uart_init                              0x08002864   Section        0  log.o(i.uart_init)
    locale$$code                             0x08002904   Section       44  lc_numeric_c.o(locale$$code)
    locale$$code                             0x08002930   Section       44  lc_ctype_c.o(locale$$code)
    x$fpl$printf1                            0x0800295c   Section        4  printf1.o(x$fpl$printf1)
    .constdata                               0x08002960   Section        8  _printf_wctomb.o(.constdata)
    x$fpl$usenofp                            0x08002960   Section        0  usenofp.o(x$fpl$usenofp)
    initial_mbstate                          0x08002960   Data           8  _printf_wctomb.o(.constdata)
    .constdata                               0x08002968   Section       40  _printf_hex_int_ll_ptr.o(.constdata)
    uc_hextab                                0x08002968   Data          20  _printf_hex_int_ll_ptr.o(.constdata)
    lc_hextab                                0x0800297c   Data          20  _printf_hex_int_ll_ptr.o(.constdata)
    .constdata                               0x08002990   Section       17  __printf_flags_ss_wp.o(.constdata)
    maptable                                 0x08002990   Data          17  __printf_flags_ss_wp.o(.constdata)
    .constdata                               0x080029a4   Section      148  bigflt0.o(.constdata)
    tenpwrs_x                                0x080029a4   Data          60  bigflt0.o(.constdata)
    tenpwrs_i                                0x080029e0   Data          64  bigflt0.o(.constdata)
    .conststring                             0x08002a38   Section       71  lw_oopc.o(.conststring)
    locale$$data                             0x08002aa0   Section       28  lc_numeric_c.o(locale$$data)
    __lcnum_c_name                           0x08002aa4   Data           2  lc_numeric_c.o(locale$$data)
    __lcnum_c_start                          0x08002aac   Data           0  lc_numeric_c.o(locale$$data)
    __lcnum_c_point                          0x08002ab8   Data           0  lc_numeric_c.o(locale$$data)
    __lcnum_c_thousands                      0x08002aba   Data           0  lc_numeric_c.o(locale$$data)
    __lcnum_c_grouping                       0x08002abb   Data           0  lc_numeric_c.o(locale$$data)
    locale$$data                             0x08002abc   Section      272  lc_ctype_c.o(locale$$data)
    __lcnum_c_end                            0x08002abc   Data           0  lc_numeric_c.o(locale$$data)
    __lcctype_c_name                         0x08002ac0   Data           2  lc_ctype_c.o(locale$$data)
    __lcctype_c_start                        0x08002ac8   Data           0  lc_ctype_c.o(locale$$data)
    __lcctype_c_end                          0x08002bcc   Data           0  lc_ctype_c.o(locale$$data)
    .data                                    0x20000000   Section        4  lw_oopc.o(.data)
    lw_oopc_memAllocList                     0x20000000   Data           4  lw_oopc.o(.data)
    .data                                    0x20000004   Section       12  memory.o(.data)
    _mallco_dev                              0x20000004   Data          12  memory.o(.data)
    .data                                    0x20000010   Section       32  switch.o(.data)
    TCBQueue                                 0x20000010   Data           4  switch.o(.data)
    taskCount                                0x20000014   Data           4  switch.o(.data)
    sysTickTime                              0x20000028   Data           8  switch.o(.data)
    .data                                    0x20000030   Section        4  zhos.o(.data)
    .data                                    0x20000034   Section       20  system_stm32f10x.o(.data)
    .data                                    0x20000048   Section       20  stm32f10x_rcc.o(.data)
    APBAHBPrescTable                         0x20000048   Data          16  stm32f10x_rcc.o(.data)
    ADCPrescTable                            0x20000058   Data           4  stm32f10x_rcc.o(.data)
    .bss                                     0x20000060   Section    43520  memory.o(.bss)
    membase                                  0x20000060   Data       40960  memory.o(.bss)
    memmapbase                               0x2000a060   Data        2560  memory.o(.bss)
    .bss                                     0x2000aa60   Section      100  log.o(.bss)
    TXBUF                                    0x2000aa60   Data         100  log.o(.bss)
    .bss                                     0x2000aac4   Section       96  libspace.o(.bss)
    HEAP                                     0x2000ab28   Section        0  startup_stm32f10x_hd.o(HEAP)
    STACK                                    0x2000ab28   Section     1024  startup_stm32f10x_hd.o(STACK)
    Heap_Mem                                 0x2000ab28   Data           0  startup_stm32f10x_hd.o(HEAP)
    Stack_Mem                                0x2000ab28   Data        1024  startup_stm32f10x_hd.o(STACK)
    __initial_sp                             0x2000af28   Data           0  startup_stm32f10x_hd.o(STACK)

    Global Symbols

    Symbol Name                              Value     Ov Type        Size  Object(Section)

    BuildAttributes$$THM_ISAv4$P$D$K$B$S$PE$A:L22UL41UL21$X:L11$S22US41US21$IEEE1$IW$USESV6$~STKCKD$USESV7$~SHL$OTIME$ROPI$IEEEJ$EBA8$UX$STANDARDLIB$REQ8$PRES8$EABIv2 0x00000000   Number         0  anon$$obj.o ABSOLUTE
    __ARM_use_no_argv                        0x00000000   Number         0  main.o ABSOLUTE
    _printf_flags                            0x00000000   Number         0  printf_stubs.o ABSOLUTE
    _printf_return_value                     0x00000000   Number         0  printf_stubs.o ABSOLUTE
    _printf_sizespec                         0x00000000   Number         0  printf_stubs.o ABSOLUTE
    _printf_widthprec                        0x00000000   Number         0  printf_stubs.o ABSOLUTE
    __ARM_exceptions_init                     - Undefined Weak Reference
    __alloca_initialize                       - Undefined Weak Reference
    __arm_preinit_                            - Undefined Weak Reference
    __cpp_initialize__aeabi_                  - Undefined Weak Reference
    __cxa_finalize                            - Undefined Weak Reference
    __sigvec_lookup                           - Undefined Weak Reference
    _atexit_init                              - Undefined Weak Reference
    _call_atexit_fns                          - Undefined Weak Reference
    _clock_init                               - Undefined Weak Reference
    _fp_trap_init                             - Undefined Weak Reference
    _fp_trap_shutdown                         - Undefined Weak Reference
    _get_lc_collate                           - Undefined Weak Reference
    _get_lc_monetary                          - Undefined Weak Reference
    _get_lc_time                              - Undefined Weak Reference
    _getenv_init                              - Undefined Weak Reference
    _handle_redirection                       - Undefined Weak Reference
    _init_alloc                               - Undefined Weak Reference
    _init_user_alloc                          - Undefined Weak Reference
    _initio                                   - Undefined Weak Reference
    _printf_fp_hex                            - Undefined Weak Reference
    _printf_mbtowc                            - Undefined Weak Reference
    _printf_wc                                - Undefined Weak Reference
    _rand_init                                - Undefined Weak Reference
    _signal_finish                            - Undefined Weak Reference
    _signal_init                              - Undefined Weak Reference
    _terminate_alloc                          - Undefined Weak Reference
    _terminate_user_alloc                     - Undefined Weak Reference
    _terminateio                              - Undefined Weak Reference
    __Vectors_Size                           0x00000130   Number         0  startup_stm32f10x_hd.o ABSOLUTE
    __Vectors                                0x08000000   Data           4  startup_stm32f10x_hd.o(RESET)
    __Vectors_End                            0x08000130   Data           0  startup_stm32f10x_hd.o(RESET)
    __main                                   0x08000131   Thumb Code     8  __main.o(!!!main)
    __scatterload                            0x08000139   Thumb Code     0  __scatter.o(!!!scatter)
    __scatterload_rt2                        0x08000139   Thumb Code    44  __scatter.o(!!!scatter)
    __scatterload_rt2_thumb_only             0x08000139   Thumb Code     0  __scatter.o(!!!scatter)
    __scatterload_null                       0x08000147   Thumb Code     0  __scatter.o(!!!scatter)
    __scatterload_copy                       0x0800016d   Thumb Code    26  __scatter_copy.o(!!handler_copy)
    __scatterload_zeroinit                   0x08000189   Thumb Code    28  __scatter_zi.o(!!handler_zi)
    _printf_n                                0x080001a5   Thumb Code     0  _printf_n.o(.ARM.Collect$$_printf_percent$$00000001)
    _printf_percent                          0x080001a5   Thumb Code     0  _printf_percent.o(.ARM.Collect$$_printf_percent$$00000000)
    _printf_p                                0x080001ab   Thumb Code     0  _printf_p.o(.ARM.Collect$$_printf_percent$$00000002)
    _printf_f                                0x080001b1   Thumb Code     0  _printf_f.o(.ARM.Collect$$_printf_percent$$00000003)
    _printf_e                                0x080001b7   Thumb Code     0  _printf_e.o(.ARM.Collect$$_printf_percent$$00000004)
    _printf_g                                0x080001bd   Thumb Code     0  _printf_g.o(.ARM.Collect$$_printf_percent$$00000005)
    _printf_a                                0x080001c3   Thumb Code     0  _printf_a.o(.ARM.Collect$$_printf_percent$$00000006)
    _printf_ll                               0x080001c9   Thumb Code     0  _printf_ll.o(.ARM.Collect$$_printf_percent$$00000007)
    _printf_i                                0x080001d3   Thumb Code     0  _printf_i.o(.ARM.Collect$$_printf_percent$$00000008)
    _printf_d                                0x080001d9   Thumb Code     0  _printf_d.o(.ARM.Collect$$_printf_percent$$00000009)
    _printf_u                                0x080001df   Thumb Code     0  _printf_u.o(.ARM.Collect$$_printf_percent$$0000000A)
    _printf_o                                0x080001e5   Thumb Code     0  _printf_o.o(.ARM.Collect$$_printf_percent$$0000000B)
    _printf_x                                0x080001eb   Thumb Code     0  _printf_x.o(.ARM.Collect$$_printf_percent$$0000000C)
    _printf_lli                              0x080001f1   Thumb Code     0  _printf_lli.o(.ARM.Collect$$_printf_percent$$0000000D)
    _printf_lld                              0x080001f7   Thumb Code     0  _printf_lld.o(.ARM.Collect$$_printf_percent$$0000000E)
    _printf_llu                              0x080001fd   Thumb Code     0  _printf_llu.o(.ARM.Collect$$_printf_percent$$0000000F)
    _printf_llo                              0x08000203   Thumb Code     0  _printf_llo.o(.ARM.Collect$$_printf_percent$$00000010)
    _printf_llx                              0x08000209   Thumb Code     0  _printf_llx.o(.ARM.Collect$$_printf_percent$$00000011)
    _printf_l                                0x0800020f   Thumb Code     0  _printf_l.o(.ARM.Collect$$_printf_percent$$00000012)
    _printf_c                                0x08000219   Thumb Code     0  _printf_c.o(.ARM.Collect$$_printf_percent$$00000013)
    _printf_s                                0x0800021f   Thumb Code     0  _printf_s.o(.ARM.Collect$$_printf_percent$$00000014)
    _printf_lc                               0x08000225   Thumb Code     0  _printf_lc.o(.ARM.Collect$$_printf_percent$$00000015)
    _printf_ls                               0x0800022b   Thumb Code     0  _printf_ls.o(.ARM.Collect$$_printf_percent$$00000016)
    _printf_percent_end                      0x08000231   Thumb Code     0  _printf_percent_end.o(.ARM.Collect$$_printf_percent$$00000017)
    __rt_lib_init                            0x08000235   Thumb Code     0  libinit.o(.ARM.Collect$$libinit$$00000000)
    __rt_lib_init_fp_1                       0x08000237   Thumb Code     0  libinit2.o(.ARM.Collect$$libinit$$00000002)
    __rt_lib_init_heap_1                     0x08000237   Thumb Code     0  libinit2.o(.ARM.Collect$$libinit$$0000000A)
    __rt_lib_init_lc_common                  0x08000237   Thumb Code     0  libinit2.o(.ARM.Collect$$libinit$$0000000F)
    __rt_lib_init_preinit_1                  0x08000237   Thumb Code     0  libinit2.o(.ARM.Collect$$libinit$$00000004)
    __rt_lib_init_rand_1                     0x08000237   Thumb Code     0  libinit2.o(.ARM.Collect$$libinit$$0000000E)
    __rt_lib_init_user_alloc_1               0x08000237   Thumb Code     0  libinit2.o(.ARM.Collect$$libinit$$0000000C)
    __rt_lib_init_lc_collate_1               0x0800023d   Thumb Code     0  libinit2.o(.ARM.Collect$$libinit$$00000011)
    __rt_lib_init_lc_ctype_2                 0x0800023d   Thumb Code     0  libinit2.o(.ARM.Collect$$libinit$$00000012)
    __rt_lib_init_lc_ctype_1                 0x08000249   Thumb Code     0  libinit2.o(.ARM.Collect$$libinit$$00000013)
    __rt_lib_init_lc_monetary_1              0x08000249   Thumb Code     0  libinit2.o(.ARM.Collect$$libinit$$00000015)
    __rt_lib_init_lc_numeric_2               0x08000249   Thumb Code     0  libinit2.o(.ARM.Collect$$libinit$$00000016)
    __rt_lib_init_alloca_1                   0x08000253   Thumb Code     0  libinit2.o(.ARM.Collect$$libinit$$0000002E)
    __rt_lib_init_argv_1                     0x08000253   Thumb Code     0  libinit2.o(.ARM.Collect$$libinit$$0000002C)
    __rt_lib_init_atexit_1                   0x08000253   Thumb Code     0  libinit2.o(.ARM.Collect$$libinit$$0000001B)
    __rt_lib_init_clock_1                    0x08000253   Thumb Code     0  libinit2.o(.ARM.Collect$$libinit$$00000021)
    __rt_lib_init_cpp_1                      0x08000253   Thumb Code     0  libinit2.o(.ARM.Collect$$libinit$$00000032)
    __rt_lib_init_exceptions_1               0x08000253   Thumb Code     0  libinit2.o(.ARM.Collect$$libinit$$00000030)
    __rt_lib_init_fp_trap_1                  0x08000253   Thumb Code     0  libinit2.o(.ARM.Collect$$libinit$$0000001F)
    __rt_lib_init_getenv_1                   0x08000253   Thumb Code     0  libinit2.o(.ARM.Collect$$libinit$$00000023)
    __rt_lib_init_lc_numeric_1               0x08000253   Thumb Code     0  libinit2.o(.ARM.Collect$$libinit$$00000017)
    __rt_lib_init_lc_time_1                  0x08000253   Thumb Code     0  libinit2.o(.ARM.Collect$$libinit$$00000019)
    __rt_lib_init_return                     0x08000253   Thumb Code     0  libinit2.o(.ARM.Collect$$libinit$$00000033)
    __rt_lib_init_signal_1                   0x08000253   Thumb Code     0  libinit2.o(.ARM.Collect$$libinit$$0000001D)
    __rt_lib_init_stdio_1                    0x08000253   Thumb Code     0  libinit2.o(.ARM.Collect$$libinit$$00000025)
    __rt_lib_shutdown                        0x08000255   Thumb Code     0  libshutdown.o(.ARM.Collect$$libshutdown$$00000000)
    __rt_lib_shutdown_cpp_1                  0x08000257   Thumb Code     0  libshutdown2.o(.ARM.Collect$$libshutdown$$00000002)
    __rt_lib_shutdown_fp_trap_1              0x08000257   Thumb Code     0  libshutdown2.o(.ARM.Collect$$libshutdown$$00000007)
    __rt_lib_shutdown_heap_1                 0x08000257   Thumb Code     0  libshutdown2.o(.ARM.Collect$$libshutdown$$0000000F)
    __rt_lib_shutdown_return                 0x08000257   Thumb Code     0  libshutdown2.o(.ARM.Collect$$libshutdown$$00000010)
    __rt_lib_shutdown_signal_1               0x08000257   Thumb Code     0  libshutdown2.o(.ARM.Collect$$libshutdown$$0000000A)
    __rt_lib_shutdown_stdio_1                0x08000257   Thumb Code     0  libshutdown2.o(.ARM.Collect$$libshutdown$$00000004)
    __rt_lib_shutdown_user_alloc_1           0x08000257   Thumb Code     0  libshutdown2.o(.ARM.Collect$$libshutdown$$0000000C)
    __rt_entry                               0x08000259   Thumb Code     0  __rtentry.o(.ARM.Collect$$rtentry$$00000000)
    __rt_entry_presh_1                       0x08000259   Thumb Code     0  __rtentry2.o(.ARM.Collect$$rtentry$$00000002)
    __rt_entry_sh                            0x08000259   Thumb Code     0  __rtentry4.o(.ARM.Collect$$rtentry$$00000004)
    __rt_entry_li                            0x0800025f   Thumb Code     0  __rtentry2.o(.ARM.Collect$$rtentry$$0000000A)
    __rt_entry_postsh_1                      0x0800025f   Thumb Code     0  __rtentry2.o(.ARM.Collect$$rtentry$$00000009)
    __rt_entry_main                          0x08000263   Thumb Code     0  __rtentry2.o(.ARM.Collect$$rtentry$$0000000D)
    __rt_entry_postli_1                      0x08000263   Thumb Code     0  __rtentry2.o(.ARM.Collect$$rtentry$$0000000C)
    __rt_exit                                0x0800026b   Thumb Code     0  rtexit.o(.ARM.Collect$$rtexit$$00000000)
    __rt_exit_ls                             0x0800026d   Thumb Code     0  rtexit2.o(.ARM.Collect$$rtexit$$00000003)
    __rt_exit_prels_1                        0x0800026d   Thumb Code     0  rtexit2.o(.ARM.Collect$$rtexit$$00000002)
    __rt_exit_exit                           0x08000271   Thumb Code     0  rtexit2.o(.ARM.Collect$$rtexit$$00000004)
    TaskSwitch                               0x08000279   Thumb Code    20  switch.o(.emb_text)
    PendSV_Handler                           0x08000295   Thumb Code    48  switch.o(.emb_text)
    __get_PSP                                0x080002cd   Thumb Code     6  core_cm3.o(.emb_text)
    __set_PSP                                0x080002d3   Thumb Code     6  core_cm3.o(.emb_text)
    __get_MSP                                0x080002d9   Thumb Code     6  core_cm3.o(.emb_text)
    __set_MSP                                0x080002df   Thumb Code     6  core_cm3.o(.emb_text)
    __REV16                                  0x080002e5   Thumb Code     4  core_cm3.o(.emb_text)
    __REVSH                                  0x080002e9   Thumb Code     4  core_cm3.o(.emb_text)
    Reset_Handler                            0x080002ed   Thumb Code     8  startup_stm32f10x_hd.o(.text)
    NMI_Handler                              0x080002f5   Thumb Code     2  startup_stm32f10x_hd.o(.text)
    HardFault_Handler                        0x080002f7   Thumb Code     2  startup_stm32f10x_hd.o(.text)
    MemManage_Handler                        0x080002f9   Thumb Code     2  startup_stm32f10x_hd.o(.text)
    BusFault_Handler                         0x080002fb   Thumb Code     2  startup_stm32f10x_hd.o(.text)
    UsageFault_Handler                       0x080002fd   Thumb Code     2  startup_stm32f10x_hd.o(.text)
    SVC_Handler                              0x080002ff   Thumb Code     2  startup_stm32f10x_hd.o(.text)
    DebugMon_Handler                         0x08000301   Thumb Code     2  startup_stm32f10x_hd.o(.text)
    ADC1_2_IRQHandler                        0x08000307   Thumb Code     0  startup_stm32f10x_hd.o(.text)
    ADC3_IRQHandler                          0x08000307   Thumb Code     0  startup_stm32f10x_hd.o(.text)
    CAN1_RX1_IRQHandler                      0x08000307   Thumb Code     0  startup_stm32f10x_hd.o(.text)
    CAN1_SCE_IRQHandler                      0x08000307   Thumb Code     0  startup_stm32f10x_hd.o(.text)
    DMA1_Channel1_IRQHandler                 0x08000307   Thumb Code     0  startup_stm32f10x_hd.o(.text)
    DMA1_Channel2_IRQHandler                 0x08000307   Thumb Code     0  startup_stm32f10x_hd.o(.text)
    DMA1_Channel3_IRQHandler                 0x08000307   Thumb Code     0  startup_stm32f10x_hd.o(.text)
    DMA1_Channel4_IRQHandler                 0x08000307   Thumb Code     0  startup_stm32f10x_hd.o(.text)
    DMA1_Channel5_IRQHandler                 0x08000307   Thumb Code     0  startup_stm32f10x_hd.o(.text)
    DMA1_Channel6_IRQHandler                 0x08000307   Thumb Code     0  startup_stm32f10x_hd.o(.text)
    DMA1_Channel7_IRQHandler                 0x08000307   Thumb Code     0  startup_stm32f10x_hd.o(.text)
    DMA2_Channel1_IRQHandler                 0x08000307   Thumb Code     0  startup_stm32f10x_hd.o(.text)
    DMA2_Channel2_IRQHandler                 0x08000307   Thumb Code     0  startup_stm32f10x_hd.o(.text)
    DMA2_Channel3_IRQHandler                 0x08000307   Thumb Code     0  startup_stm32f10x_hd.o(.text)
    DMA2_Channel4_5_IRQHandler               0x08000307   Thumb Code     0  startup_stm32f10x_hd.o(.text)
    EXTI0_IRQHandler                         0x08000307   Thumb Code     0  startup_stm32f10x_hd.o(.text)
    EXTI15_10_IRQHandler                     0x08000307   Thumb Code     0  startup_stm32f10x_hd.o(.text)
    EXTI1_IRQHandler                         0x08000307   Thumb Code     0  startup_stm32f10x_hd.o(.text)
    EXTI2_IRQHandler                         0x08000307   Thumb Code     0  startup_stm32f10x_hd.o(.text)
    EXTI3_IRQHandler                         0x08000307   Thumb Code     0  startup_stm32f10x_hd.o(.text)
    EXTI4_IRQHandler                         0x08000307   Thumb Code     0  startup_stm32f10x_hd.o(.text)
    EXTI9_5_IRQHandler                       0x08000307   Thumb Code     0  startup_stm32f10x_hd.o(.text)
    FLASH_IRQHandler                         0x08000307   Thumb Code     0  startup_stm32f10x_hd.o(.text)
    FSMC_IRQHandler                          0x08000307   Thumb Code     0  startup_stm32f10x_hd.o(.text)
    I2C1_ER_IRQHandler                       0x08000307   Thumb Code     0  startup_stm32f10x_hd.o(.text)
    I2C1_EV_IRQHandler                       0x08000307   Thumb Code     0  startup_stm32f10x_hd.o(.text)
    I2C2_ER_IRQHandler                       0x08000307   Thumb Code     0  startup_stm32f10x_hd.o(.text)
    I2C2_EV_IRQHandler                       0x08000307   Thumb Code     0  startup_stm32f10x_hd.o(.text)
    PVD_IRQHandler                           0x08000307   Thumb Code     0  startup_stm32f10x_hd.o(.text)
    RCC_IRQHandler                           0x08000307   Thumb Code     0  startup_stm32f10x_hd.o(.text)
    RTCAlarm_IRQHandler                      0x08000307   Thumb Code     0  startup_stm32f10x_hd.o(.text)
    RTC_IRQHandler                           0x08000307   Thumb Code     0  startup_stm32f10x_hd.o(.text)
    SDIO_IRQHandler                          0x08000307   Thumb Code     0  startup_stm32f10x_hd.o(.text)
    SPI1_IRQHandler                          0x08000307   Thumb Code     0  startup_stm32f10x_hd.o(.text)
    SPI2_IRQHandler                          0x08000307   Thumb Code     0  startup_stm32f10x_hd.o(.text)
    SPI3_IRQHandler                          0x08000307   Thumb Code     0  startup_stm32f10x_hd.o(.text)
    TAMPER_IRQHandler                        0x08000307   Thumb Code     0  startup_stm32f10x_hd.o(.text)
    TIM1_BRK_IRQHandler                      0x08000307   Thumb Code     0  startup_stm32f10x_hd.o(.text)
    TIM1_CC_IRQHandler                       0x08000307   Thumb Code     0  startup_stm32f10x_hd.o(.text)
    TIM1_TRG_COM_IRQHandler                  0x08000307   Thumb Code     0  startup_stm32f10x_hd.o(.text)
    TIM1_UP_IRQHandler                       0x08000307   Thumb Code     0  startup_stm32f10x_hd.o(.text)
    TIM2_IRQHandler                          0x08000307   Thumb Code     0  startup_stm32f10x_hd.o(.text)
    TIM3_IRQHandler                          0x08000307   Thumb Code     0  startup_stm32f10x_hd.o(.text)
    TIM4_IRQHandler                          0x08000307   Thumb Code     0  startup_stm32f10x_hd.o(.text)
    TIM5_IRQHandler                          0x08000307   Thumb Code     0  startup_stm32f10x_hd.o(.text)
    TIM6_IRQHandler                          0x08000307   Thumb Code     0  startup_stm32f10x_hd.o(.text)
    TIM7_IRQHandler                          0x08000307   Thumb Code     0  startup_stm32f10x_hd.o(.text)
    TIM8_BRK_IRQHandler                      0x08000307   Thumb Code     0  startup_stm32f10x_hd.o(.text)
    TIM8_CC_IRQHandler                       0x08000307   Thumb Code     0  startup_stm32f10x_hd.o(.text)
    TIM8_TRG_COM_IRQHandler                  0x08000307   Thumb Code     0  startup_stm32f10x_hd.o(.text)
    TIM8_UP_IRQHandler                       0x08000307   Thumb Code     0  startup_stm32f10x_hd.o(.text)
    UART4_IRQHandler                         0x08000307   Thumb Code     0  startup_stm32f10x_hd.o(.text)
    UART5_IRQHandler                         0x08000307   Thumb Code     0  startup_stm32f10x_hd.o(.text)
    USART1_IRQHandler                        0x08000307   Thumb Code     0  startup_stm32f10x_hd.o(.text)
    USART2_IRQHandler                        0x08000307   Thumb Code     0  startup_stm32f10x_hd.o(.text)
    USART3_IRQHandler                        0x08000307   Thumb Code     0  startup_stm32f10x_hd.o(.text)
    USBWakeUp_IRQHandler                     0x08000307   Thumb Code     0  startup_stm32f10x_hd.o(.text)
    USB_HP_CAN1_TX_IRQHandler                0x08000307   Thumb Code     0  startup_stm32f10x_hd.o(.text)
    USB_LP_CAN1_RX0_IRQHandler               0x08000307   Thumb Code     0  startup_stm32f10x_hd.o(.text)
    WWDG_IRQHandler                          0x08000307   Thumb Code     0  startup_stm32f10x_hd.o(.text)
    __user_initial_stackheap                 0x08000309   Thumb Code     0  startup_stm32f10x_hd.o(.text)
    __c89vsprintf                            0x08000329   Thumb Code    32  c89vsprintf.o(.text)
    strcpy                                   0x0800034d   Thumb Code    72  strcpy.o(.text)
    strlen                                   0x08000395   Thumb Code    62  strlen.o(.text)
    __use_two_region_memory                  0x080003d3   Thumb Code     2  heapauxi.o(.text)
    __rt_heap_escrow$2region                 0x080003d5   Thumb Code     2  heapauxi.o(.text)
    __rt_heap_expand$2region                 0x080003d7   Thumb Code     2  heapauxi.o(.text)
    _printf_pre_padding                      0x080003d9   Thumb Code    44  _printf_pad.o(.text)
    _printf_post_padding                     0x08000405   Thumb Code    34  _printf_pad.o(.text)
    _printf_truncate_signed                  0x08000427   Thumb Code    18  _printf_truncate.o(.text)
    _printf_truncate_unsigned                0x08000439   Thumb Code    18  _printf_truncate.o(.text)
    _printf_str                              0x0800044b   Thumb Code    82  _printf_str.o(.text)
    _printf_int_dec                          0x0800049d   Thumb Code   104  _printf_dec.o(.text)
    _printf_charcount                        0x08000515   Thumb Code    40  _printf_charcount.o(.text)
    _printf_char_common                      0x08000547   Thumb Code    32  _printf_char_common.o(.text)
    _sputc                                   0x0800056d   Thumb Code    10  _sputc.o(.text)
    _printf_wctomb                           0x08000579   Thumb Code   182  _printf_wctomb.o(.text)
    _printf_longlong_dec                     0x08000635   Thumb Code   108  _printf_longlong_dec.o(.text)
    _printf_longlong_oct                     0x080006b1   Thumb Code    68  _printf_oct_int_ll.o(.text)
    _printf_int_oct                          0x080006f5   Thumb Code    24  _printf_oct_int_ll.o(.text)
    _printf_ll_oct                           0x0800070d   Thumb Code    12  _printf_oct_int_ll.o(.text)
    _printf_longlong_hex                     0x08000721   Thumb Code    86  _printf_hex_int_ll_ptr.o(.text)
    _printf_int_hex                          0x08000777   Thumb Code    28  _printf_hex_int_ll_ptr.o(.text)
    _printf_ll_hex                           0x08000793   Thumb Code    12  _printf_hex_int_ll_ptr.o(.text)
    _printf_hex_ptr                          0x0800079f   Thumb Code    18  _printf_hex_int_ll_ptr.o(.text)
    __printf                                 0x080007b5   Thumb Code   388  __printf_flags_ss_wp.o(.text)
    _ll_udiv10                               0x0800093d   Thumb Code   138  lludiv10.o(.text)
    _printf_int_common                       0x080009c7   Thumb Code   178  _printf_intcommon.o(.text)
    __lib_sel_fp_printf                      0x08000a79   Thumb Code     2  _printf_fp_dec.o(.text)
    _printf_fp_dec_real                      0x08000c27   Thumb Code   620  _printf_fp_dec.o(.text)
    _printf_cs_common                        0x08000e93   Thumb Code    20  _printf_char.o(.text)
    _printf_char                             0x08000ea7   Thumb Code    16  _printf_char.o(.text)
    _printf_string                           0x08000eb7   Thumb Code     8  _printf_char.o(.text)
    _printf_lcs_common                       0x08000ebf   Thumb Code    20  _printf_wchar.o(.text)
    _printf_wchar                            0x08000ed3   Thumb Code    16  _printf_wchar.o(.text)
    _printf_wstring                          0x08000ee3   Thumb Code     8  _printf_wchar.o(.text)
    _wcrtomb                                 0x08000eeb   Thumb Code    64  _wcrtomb.o(.text)
    __user_setup_stackheap                   0x08000f2b   Thumb Code    74  sys_stackheap_outer.o(.text)
    __rt_ctype_table                         0x08000f75   Thumb Code    16  rt_ctype_table.o(.text)
    __rt_locale                              0x08000f85   Thumb Code     8  rt_locale_intlibspace.o(.text)
    _printf_fp_infnan                        0x08000f8d   Thumb Code   112  _printf_fp_infnan.o(.text)
    _btod_etento                             0x0800100d   Thumb Code   216  bigflt0.o(.text)
    exit                                     0x080010e9   Thumb Code    18  exit.o(.text)
    __user_libspace                          0x080010fd   Thumb Code     8  libspace.o(.text)
    __user_perproc_libspace                  0x080010fd   Thumb Code     0  libspace.o(.text)
    __user_perthread_libspace                0x080010fd   Thumb Code     0  libspace.o(.text)
    strcmp                                   0x08001105   Thumb Code   128  strcmpv7m.o(.text)
    _sys_exit                                0x08001185   Thumb Code     8  sys_exit.o(.text)
    __I$use$semihosting                      0x08001191   Thumb Code     0  use_no_semi.o(.text)
    __use_no_semihosting_swi                 0x08001191   Thumb Code     2  use_no_semi.o(.text)
    __semihosting_library_function           0x08001193   Thumb Code     0  indicate_semi.o(.text)
    _btod_d2e                                0x08001193   Thumb Code    62  btod.o(CL$$btod_d2e)
    _d2e_denorm_low                          0x080011d1   Thumb Code    70  btod.o(CL$$btod_d2e_denorm_low)
    _d2e_norm_op1                            0x08001217   Thumb Code    96  btod.o(CL$$btod_d2e_norm_op1)
    __btod_div_common                        0x08001277   Thumb Code   696  btod.o(CL$$btod_div_common)
    _e2e                                     0x080015af   Thumb Code   198  btod.o(CL$$btod_e2e)
    _btod_ediv                               0x08001675   Thumb Code    40  btod.o(CL$$btod_ediv)
    _btod_emul                               0x0800169d   Thumb Code    40  btod.o(CL$$btod_emul)
    __btod_mult_common                       0x080016c5   Thumb Code   580  btod.o(CL$$btod_mult_common)
    CreateTask                               0x08001909   Thumb Code    18  switch.o(i.CreateTask)
    CreateTaskWithTackDeep                   0x0800191d   Thumb Code   104  switch.o(i.CreateTaskWithTackDeep)
    GPIO_Init                                0x080019a1   Thumb Code   278  stm32f10x_gpio.o(i.GPIO_Init)
    NVIC_Configuration                       0x08001ab7   Thumb Code    12  sys.o(i.NVIC_Configuration)
    NVIC_Init                                0x08001ac5   Thumb Code   100  misc.o(i.NVIC_Init)
    NVIC_PriorityGroupConfig                 0x08001b35   Thumb Code    10  misc.o(i.NVIC_PriorityGroupConfig)
    OSClass_ctor                             0x08001b49   Thumb Code    60  zhos.o(i.OSClass_ctor)
    OSClass_new                              0x08001bb5   Thumb Code    36  zhos.o(i.OSClass_new)
    OSClassdealloc11111                      0x08001be1   Thumb Code     2  zhos.o(i.OSClassdealloc11111)
    RCC_APB2PeriphClockCmd                   0x08001be5   Thumb Code    26  stm32f10x_rcc.o(i.RCC_APB2PeriphClockCmd)
    RCC_GetClocksFreq                        0x08001c05   Thumb Code   192  stm32f10x_rcc.o(i.RCC_GetClocksFreq)
    SwitchDelay                              0x08001dc1   Thumb Code   106  switch.o(i.SwitchDelay)
    SwitchStart                              0x08001e41   Thumb Code   156  switch.o(i.SwitchStart)
    SwitchTask                               0x08001f05   Thumb Code    10  zhos.o(i.SwitchTask)
    SysTick_Handler                          0x08001f11   Thumb Code    64  switch.o(i.SysTick_Handler)
    SystemInit                               0x08001f5d   Thumb Code    78  system_stm32f10x.o(i.SystemInit)
    TaskEnd                                  0x08001fbd   Thumb Code   108  switch.o(i.TaskEnd)
    TaskIdle                                 0x08002039   Thumb Code    12  switch.o(i.TaskIdle)
    USART_Cmd                                0x08002045   Thumb Code    24  stm32f10x_usart.o(i.USART_Cmd)
    USART_GetFlagStatus                      0x0800205d   Thumb Code    26  stm32f10x_usart.o(i.USART_GetFlagStatus)
    USART_ITConfig                           0x08002077   Thumb Code    74  stm32f10x_usart.o(i.USART_ITConfig)
    USART_Init                               0x080020c1   Thumb Code   210  stm32f10x_usart.o(i.USART_Init)
    USART_SendData                           0x08002199   Thumb Code     8  stm32f10x_usart.o(i.USART_SendData)
    ZHLog                                    0x080021a1   Thumb Code    72  log.o(i.ZHLog)
    ZHOSCond_ctor                            0x080021f1   Thumb Code    16  switch.o(i.ZHOSCond_ctor)
    ZHOSCond_new                             0x08002205   Thumb Code    36  switch.o(i.ZHOSCond_new)
    ZHOSCond_release                         0x08002235   Thumb Code    26  switch.o(i.ZHOSCond_release)
    ZHOSConddealloc11111                     0x0800224f   Thumb Code     2  switch.o(i.ZHOSConddealloc11111)
    ZHOSInit                                 0x08002251   Thumb Code    40  zhos.o(i.ZHOSInit)
    ZHQueue_ctor                             0x0800229d   Thumb Code    36  queue.o(i.ZHQueue_ctor)
    ZHQueue_new                              0x080022d9   Thumb Code    36  queue.o(i.ZHQueue_new)
    ZHQueuedealloc11111                      0x08002305   Thumb Code     2  queue.o(i.ZHQueuedealloc11111)
    __ARM_fpclassify                         0x08002307   Thumb Code    40  fpclassify.o(i.__ARM_fpclassify)
    _is_digit                                0x0800232f   Thumb Code    14  __printf_wp.o(i._is_digit)
    condSignal                               0x0800241d   Thumb Code     8  switch.o(i.condSignal)
    condWait                                 0x08002425   Thumb Code    68  switch.o(i.condWait)
    consumer                                 0x08002469   Thumb Code    60  main.o(i.consumer)
    createCond                               0x080024dd   Thumb Code    18  switch.o(i.createCond)
    deQueue                                  0x08002501   Thumb Code    50  queue.o(i.deQueue)
    enQueue                                  0x0800254d   Thumb Code    64  queue.o(i.enQueue)
    getConWithIndex                          0x0800259d   Thumb Code    44  queue.o(i.getConWithIndex)
    getOSTickTime                            0x080025e5   Thumb Code     6  switch.o(i.getOSTickTime)
    lw_oopc_free                             0x080025f1   Thumb Code    88  lw_oopc.o(i.lw_oopc_free)
    lw_oopc_malloc                           0x080026ad   Thumb Code    96  lw_oopc.o(i.lw_oopc_malloc)
    main                                     0x08002741   Thumb Code    52  main.o(i.main)
    myfree                                   0x08002781   Thumb Code    24  memory.o(i.myfree)
    mymalloc                                 0x0800279d   Thumb Code    28  memory.o(i.mymalloc)
    mymemset                                 0x080027bd   Thumb Code    20  memory.o(i.mymemset)
    producer                                 0x080027d1   Thumb Code    40  main.o(i.producer)
    queueDealloc                             0x08002811   Thumb Code    12  queue.o(i.queueDealloc)
    queueInit                                0x0800281d   Thumb Code    34  queue.o(i.queueInit)
    releaseCond                              0x08002855   Thumb Code    12  switch.o(i.releaseCond)
    rootClass_ctor                           0x08002861   Thumb Code     2  lw_oopc.o(i.rootClass_ctor)
    uart_init                                0x08002865   Thumb Code   152  log.o(i.uart_init)
    _get_lc_numeric                          0x08002905   Thumb Code    44  lc_numeric_c.o(locale$$code)
    _get_lc_ctype                            0x08002931   Thumb Code    44  lc_ctype_c.o(locale$$code)
    _printf_fp_dec                           0x0800295d   Thumb Code     4  printf1.o(x$fpl$printf1)
    __I$use$fp                               0x08002960   Number         0  usenofp.o(x$fpl$usenofp)
    Region$$Table$$Base                      0x08002a80   Number         0  anon$$obj.o(Region$$Table)
    Region$$Table$$Limit                     0x08002aa0   Number         0  anon$$obj.o(Region$$Table)
    __ctype                                  0x08002ac9   Data           0  lc_ctype_c.o(locale$$data)
    TaskNew                                  0x20000018   Data           4  switch.o(.data)
    TaskRuning                               0x2000001c   Data           4  switch.o(.data)
    IdleTask                                 0x20000020   Data           4  switch.o(.data)
    pZHOS                                    0x20000030   Data           4  zhos.o(.data)
    SystemCoreClock                          0x20000034   Data           4  system_stm32f10x.o(.data)
    AHBPrescTable                            0x20000038   Data          16  system_stm32f10x.o(.data)
    __libspace_start                         0x2000aac4   Data          96  libspace.o(.bss)
    __temporary_stack_top$libspace           0x2000ab24   Data           0  libspace.o(.bss)



==============================================================================

Memory Map of the image

  Image Entry point : 0x08000131

  Load Region LR_IROM1 (Base: 0x08000000, Size: 0x00002c28, Max: 0x00080000, ABSOLUTE)

    Execution Region ER_IROM1 (Base: 0x08000000, Size: 0x00002bcc, Max: 0x00080000, ABSOLUTE)

    Base Addr    Size         Type   Attr      Idx    E Section Name        Object

    0x08000000   0x00000130   Data   RO          441    RESET               startup_stm32f10x_hd.o
    0x08000130   0x00000008   Code   RO         1078  * !!!main             c_w.l(__main.o)
    0x08000138   0x00000034   Code   RO         1390    !!!scatter          c_w.l(__scatter.o)
    0x0800016c   0x0000001a   Code   RO         1392    !!handler_copy      c_w.l(__scatter_copy.o)
    0x08000186   0x00000002   PAD
    0x08000188   0x0000001c   Code   RO         1394    !!handler_zi        c_w.l(__scatter_zi.o)
    0x080001a4   0x00000000   Code   RO         1162    .ARM.Collect$$_printf_percent$$00000000  c_w.l(_printf_percent.o)
    0x080001a4   0x00000006   Code   RO         1151    .ARM.Collect$$_printf_percent$$00000001  c_w.l(_printf_n.o)
    0x080001aa   0x00000006   Code   RO         1153    .ARM.Collect$$_printf_percent$$00000002  c_w.l(_printf_p.o)
    0x080001b0   0x00000006   Code   RO         1158    .ARM.Collect$$_printf_percent$$00000003  c_w.l(_printf_f.o)
    0x080001b6   0x00000006   Code   RO         1159    .ARM.Collect$$_printf_percent$$00000004  c_w.l(_printf_e.o)
    0x080001bc   0x00000006   Code   RO         1160    .ARM.Collect$$_printf_percent$$00000005  c_w.l(_printf_g.o)
    0x080001c2   0x00000006   Code   RO         1161    .ARM.Collect$$_printf_percent$$00000006  c_w.l(_printf_a.o)
    0x080001c8   0x0000000a   Code   RO         1166    .ARM.Collect$$_printf_percent$$00000007  c_w.l(_printf_ll.o)
    0x080001d2   0x00000006   Code   RO         1155    .ARM.Collect$$_printf_percent$$00000008  c_w.l(_printf_i.o)
    0x080001d8   0x00000006   Code   RO         1156    .ARM.Collect$$_printf_percent$$00000009  c_w.l(_printf_d.o)
    0x080001de   0x00000006   Code   RO         1157    .ARM.Collect$$_printf_percent$$0000000A  c_w.l(_printf_u.o)
    0x080001e4   0x00000006   Code   RO         1154    .ARM.Collect$$_printf_percent$$0000000B  c_w.l(_printf_o.o)
    0x080001ea   0x00000006   Code   RO         1152    .ARM.Collect$$_printf_percent$$0000000C  c_w.l(_printf_x.o)
    0x080001f0   0x00000006   Code   RO         1163    .ARM.Collect$$_printf_percent$$0000000D  c_w.l(_printf_lli.o)
    0x080001f6   0x00000006   Code   RO         1164    .ARM.Collect$$_printf_percent$$0000000E  c_w.l(_printf_lld.o)
    0x080001fc   0x00000006   Code   RO         1165    .ARM.Collect$$_printf_percent$$0000000F  c_w.l(_printf_llu.o)
    0x08000202   0x00000006   Code   RO         1170    .ARM.Collect$$_printf_percent$$00000010  c_w.l(_printf_llo.o)
    0x08000208   0x00000006   Code   RO         1171    .ARM.Collect$$_printf_percent$$00000011  c_w.l(_printf_llx.o)
    0x0800020e   0x0000000a   Code   RO         1167    .ARM.Collect$$_printf_percent$$00000012  c_w.l(_printf_l.o)
    0x08000218   0x00000006   Code   RO         1149    .ARM.Collect$$_printf_percent$$00000013  c_w.l(_printf_c.o)
    0x0800021e   0x00000006   Code   RO         1150    .ARM.Collect$$_printf_percent$$00000014  c_w.l(_printf_s.o)
    0x08000224   0x00000006   Code   RO         1168    .ARM.Collect$$_printf_percent$$00000015  c_w.l(_printf_lc.o)
    0x0800022a   0x00000006   Code   RO         1169    .ARM.Collect$$_printf_percent$$00000016  c_w.l(_printf_ls.o)
    0x08000230   0x00000004   Code   RO         1201    .ARM.Collect$$_printf_percent$$00000017  c_w.l(_printf_percent_end.o)
    0x08000234   0x00000002   Code   RO         1250    .ARM.Collect$$libinit$$00000000  c_w.l(libinit.o)
    0x08000236   0x00000000   Code   RO         1267    .ARM.Collect$$libinit$$00000002  c_w.l(libinit2.o)
    0x08000236   0x00000000   Code   RO         1269    .ARM.Collect$$libinit$$00000004  c_w.l(libinit2.o)
    0x08000236   0x00000000   Code   RO         1272    .ARM.Collect$$libinit$$0000000A  c_w.l(libinit2.o)
    0x08000236   0x00000000   Code   RO         1274    .ARM.Collect$$libinit$$0000000C  c_w.l(libinit2.o)
    0x08000236   0x00000000   Code   RO         1276    .ARM.Collect$$libinit$$0000000E  c_w.l(libinit2.o)
    0x08000236   0x00000006   Code   RO         1277    .ARM.Collect$$libinit$$0000000F  c_w.l(libinit2.o)
    0x0800023c   0x00000000   Code   RO         1279    .ARM.Collect$$libinit$$00000011  c_w.l(libinit2.o)
    0x0800023c   0x0000000c   Code   RO         1280    .ARM.Collect$$libinit$$00000012  c_w.l(libinit2.o)
    0x08000248   0x00000000   Code   RO         1281    .ARM.Collect$$libinit$$00000013  c_w.l(libinit2.o)
    0x08000248   0x00000000   Code   RO         1283    .ARM.Collect$$libinit$$00000015  c_w.l(libinit2.o)
    0x08000248   0x0000000a   Code   RO         1284    .ARM.Collect$$libinit$$00000016  c_w.l(libinit2.o)
    0x08000252   0x00000000   Code   RO         1285    .ARM.Collect$$libinit$$00000017  c_w.l(libinit2.o)
    0x08000252   0x00000000   Code   RO         1287    .ARM.Collect$$libinit$$00000019  c_w.l(libinit2.o)
    0x08000252   0x00000000   Code   RO         1289    .ARM.Collect$$libinit$$0000001B  c_w.l(libinit2.o)
    0x08000252   0x00000000   Code   RO         1291    .ARM.Collect$$libinit$$0000001D  c_w.l(libinit2.o)
    0x08000252   0x00000000   Code   RO         1293    .ARM.Collect$$libinit$$0000001F  c_w.l(libinit2.o)
    0x08000252   0x00000000   Code   RO         1295    .ARM.Collect$$libinit$$00000021  c_w.l(libinit2.o)
    0x08000252   0x00000000   Code   RO         1297    .ARM.Collect$$libinit$$00000023  c_w.l(libinit2.o)
    0x08000252   0x00000000   Code   RO         1299    .ARM.Collect$$libinit$$00000025  c_w.l(libinit2.o)
    0x08000252   0x00000000   Code   RO         1303    .ARM.Collect$$libinit$$0000002C  c_w.l(libinit2.o)
    0x08000252   0x00000000   Code   RO         1305    .ARM.Collect$$libinit$$0000002E  c_w.l(libinit2.o)
    0x08000252   0x00000000   Code   RO         1307    .ARM.Collect$$libinit$$00000030  c_w.l(libinit2.o)
    0x08000252   0x00000000   Code   RO         1309    .ARM.Collect$$libinit$$00000032  c_w.l(libinit2.o)
    0x08000252   0x00000002   Code   RO         1310    .ARM.Collect$$libinit$$00000033  c_w.l(libinit2.o)
    0x08000254   0x00000002   Code   RO         1330    .ARM.Collect$$libshutdown$$00000000  c_w.l(libshutdown.o)
    0x08000256   0x00000000   Code   RO         1343    .ARM.Collect$$libshutdown$$00000002  c_w.l(libshutdown2.o)
    0x08000256   0x00000000   Code   RO         1345    .ARM.Collect$$libshutdown$$00000004  c_w.l(libshutdown2.o)
    0x08000256   0x00000000   Code   RO         1348    .ARM.Collect$$libshutdown$$00000007  c_w.l(libshutdown2.o)
    0x08000256   0x00000000   Code   RO         1351    .ARM.Collect$$libshutdown$$0000000A  c_w.l(libshutdown2.o)
    0x08000256   0x00000000   Code   RO         1353    .ARM.Collect$$libshutdown$$0000000C  c_w.l(libshutdown2.o)
    0x08000256   0x00000000   Code   RO         1356    .ARM.Collect$$libshutdown$$0000000F  c_w.l(libshutdown2.o)
    0x08000256   0x00000002   Code   RO         1357    .ARM.Collect$$libshutdown$$00000010  c_w.l(libshutdown2.o)
    0x08000258   0x00000000   Code   RO         1080    .ARM.Collect$$rtentry$$00000000  c_w.l(__rtentry.o)
    0x08000258   0x00000000   Code   RO         1175    .ARM.Collect$$rtentry$$00000002  c_w.l(__rtentry2.o)
    0x08000258   0x00000006   Code   RO         1187    .ARM.Collect$$rtentry$$00000004  c_w.l(__rtentry4.o)
    0x0800025e   0x00000000   Code   RO         1177    .ARM.Collect$$rtentry$$00000009  c_w.l(__rtentry2.o)
    0x0800025e   0x00000004   Code   RO         1178    .ARM.Collect$$rtentry$$0000000A  c_w.l(__rtentry2.o)
    0x08000262   0x00000000   Code   RO         1180    .ARM.Collect$$rtentry$$0000000C  c_w.l(__rtentry2.o)
    0x08000262   0x00000008   Code   RO         1181    .ARM.Collect$$rtentry$$0000000D  c_w.l(__rtentry2.o)
    0x0800026a   0x00000002   Code   RO         1259    .ARM.Collect$$rtexit$$00000000  c_w.l(rtexit.o)
    0x0800026c   0x00000000   Code   RO         1312    .ARM.Collect$$rtexit$$00000002  c_w.l(rtexit2.o)
    0x0800026c   0x00000004   Code   RO         1313    .ARM.Collect$$rtexit$$00000003  c_w.l(rtexit2.o)
    0x08000270   0x00000006   Code   RO         1314    .ARM.Collect$$rtexit$$00000004  c_w.l(rtexit2.o)
    0x08000276   0x00000002   PAD
    0x08000278   0x00000054   Code   RO          157    .emb_text           switch.o
    0x080002cc   0x00000020   Code   RO          429    .emb_text           core_cm3.o
    0x080002ec   0x0000003c   Code   RO          442    .text               startup_stm32f10x_hd.o
    0x08000328   0x00000024   Code   RO         1070    .text               c_w.l(c89vsprintf.o)
    0x0800034c   0x00000048   Code   RO         1072    .text               c_w.l(strcpy.o)
    0x08000394   0x0000003e   Code   RO         1074    .text               c_w.l(strlen.o)
    0x080003d2   0x00000006   Code   RO         1076    .text               c_w.l(heapauxi.o)
    0x080003d8   0x0000004e   Code   RO         1083    .text               c_w.l(_printf_pad.o)
    0x08000426   0x00000024   Code   RO         1085    .text               c_w.l(_printf_truncate.o)
    0x0800044a   0x00000052   Code   RO         1087    .text               c_w.l(_printf_str.o)
    0x0800049c   0x00000078   Code   RO         1089    .text               c_w.l(_printf_dec.o)
    0x08000514   0x00000028   Code   RO         1091    .text               c_w.l(_printf_charcount.o)
    0x0800053c   0x00000030   Code   RO         1093    .text               c_w.l(_printf_char_common.o)
    0x0800056c   0x0000000a   Code   RO         1095    .text               c_w.l(_sputc.o)
    0x08000576   0x00000002   PAD
    0x08000578   0x000000bc   Code   RO         1097    .text               c_w.l(_printf_wctomb.o)
    0x08000634   0x0000007c   Code   RO         1100    .text               c_w.l(_printf_longlong_dec.o)
    0x080006b0   0x00000070   Code   RO         1106    .text               c_w.l(_printf_oct_int_ll.o)
    0x08000720   0x00000094   Code   RO         1126    .text               c_w.l(_printf_hex_int_ll_ptr.o)
    0x080007b4   0x00000188   Code   RO         1146    .text               c_w.l(__printf_flags_ss_wp.o)
    0x0800093c   0x0000008a   Code   RO         1189    .text               c_w.l(lludiv10.o)
    0x080009c6   0x000000b2   Code   RO         1191    .text               c_w.l(_printf_intcommon.o)
    0x08000a78   0x0000041a   Code   RO         1193    .text               c_w.l(_printf_fp_dec.o)
    0x08000e92   0x0000002c   Code   RO         1197    .text               c_w.l(_printf_char.o)
    0x08000ebe   0x0000002c   Code   RO         1199    .text               c_w.l(_printf_wchar.o)
    0x08000eea   0x00000040   Code   RO         1202    .text               c_w.l(_wcrtomb.o)
    0x08000f2a   0x0000004a   Code   RO         1204    .text               c_w.l(sys_stackheap_outer.o)
    0x08000f74   0x00000010   Code   RO         1206    .text               c_w.l(rt_ctype_table.o)
    0x08000f84   0x00000008   Code   RO         1211    .text               c_w.l(rt_locale_intlibspace.o)
    0x08000f8c   0x00000080   Code   RO         1213    .text               c_w.l(_printf_fp_infnan.o)
    0x0800100c   0x000000dc   Code   RO         1215    .text               c_w.l(bigflt0.o)
    0x080010e8   0x00000012   Code   RO         1243    .text               c_w.l(exit.o)
    0x080010fa   0x00000002   PAD
    0x080010fc   0x00000008   Code   RO         1256    .text               c_w.l(libspace.o)
    0x08001104   0x00000080   Code   RO         1264    .text               c_w.l(strcmpv7m.o)
    0x08001184   0x0000000c   Code   RO         1322    .text               c_w.l(sys_exit.o)
    0x08001190   0x00000002   Code   RO         1333    .text               c_w.l(use_no_semi.o)
    0x08001192   0x00000000   Code   RO         1335    .text               c_w.l(indicate_semi.o)
    0x08001192   0x0000003e   Code   RO         1218    CL$$btod_d2e        c_w.l(btod.o)
    0x080011d0   0x00000046   Code   RO         1220    CL$$btod_d2e_denorm_low  c_w.l(btod.o)
    0x08001216   0x00000060   Code   RO         1219    CL$$btod_d2e_norm_op1  c_w.l(btod.o)
    0x08001276   0x00000338   Code   RO         1228    CL$$btod_div_common  c_w.l(btod.o)
    0x080015ae   0x000000c6   Code   RO         1225    CL$$btod_e2e        c_w.l(btod.o)
    0x08001674   0x00000028   Code   RO         1222    CL$$btod_ediv       c_w.l(btod.o)
    0x0800169c   0x00000028   Code   RO         1221    CL$$btod_emul       c_w.l(btod.o)
    0x080016c4   0x00000244   Code   RO         1227    CL$$btod_mult_common  c_w.l(btod.o)
    0x08001908   0x00000012   Code   RO          158    i.CreateTask        switch.o
    0x0800191a   0x00000002   PAD
    0x0800191c   0x00000084   Code   RO          159    i.CreateTaskWithTackDeep  switch.o
    0x080019a0   0x00000116   Code   RO          736    i.GPIO_Init         stm32f10x_gpio.o
    0x08001ab6   0x0000000c   Code   RO          449    i.NVIC_Configuration  sys.o
    0x08001ac2   0x00000002   PAD
    0x08001ac4   0x00000070   Code   RO          514    i.NVIC_Init         misc.o
    0x08001b34   0x00000014   Code   RO          515    i.NVIC_PriorityGroupConfig  misc.o
    0x08001b48   0x0000006c   Code   RO          375    i.OSClass_ctor      zhos.o
    0x08001bb4   0x0000002c   Code   RO          376    i.OSClass_new       zhos.o
    0x08001be0   0x00000002   Code   RO          379    i.OSClassdealloc11111  zhos.o
    0x08001be2   0x00000002   PAD
    0x08001be4   0x00000020   Code   RO          848    i.RCC_APB2PeriphClockCmd  stm32f10x_rcc.o
    0x08001c04   0x000000d4   Code   RO          856    i.RCC_GetClocksFreq  stm32f10x_rcc.o
    0x08001cd8   0x00000008   Code   RO          480    i.SetSysClock       system_stm32f10x.o
    0x08001ce0   0x000000e0   Code   RO          481    i.SetSysClockTo72   system_stm32f10x.o
    0x08001dc0   0x00000080   Code   RO          160    i.SwitchDelay       switch.o
    0x08001e40   0x000000c4   Code   RO          161    i.SwitchStart       switch.o
    0x08001f04   0x0000000a   Code   RO          380    i.SwitchTask        zhos.o
    0x08001f0e   0x00000002   PAD
    0x08001f10   0x0000004c   Code   RO          162    i.SysTick_Handler   switch.o
    0x08001f5c   0x00000060   Code   RO          483    i.SystemInit        system_stm32f10x.o
    0x08001fbc   0x0000007c   Code   RO          163    i.TaskEnd           switch.o
    0x08002038   0x0000000c   Code   RO          164    i.TaskIdle          switch.o
    0x08002044   0x00000018   Code   RO          554    i.USART_Cmd         stm32f10x_usart.o
    0x0800205c   0x0000001a   Code   RO          557    i.USART_GetFlagStatus  stm32f10x_usart.o
    0x08002076   0x0000004a   Code   RO          560    i.USART_ITConfig    stm32f10x_usart.o
    0x080020c0   0x000000d8   Code   RO          561    i.USART_Init        stm32f10x_usart.o
    0x08002198   0x00000008   Code   RO          571    i.USART_SendData    stm32f10x_usart.o
    0x080021a0   0x00000050   Code   RO          283    i.ZHLog             log.o
    0x080021f0   0x00000014   Code   RO          165    i.ZHOSCond_ctor     switch.o
    0x08002204   0x00000030   Code   RO          166    i.ZHOSCond_new      switch.o
    0x08002234   0x0000001a   Code   RO          167    i.ZHOSCond_release  switch.o
    0x0800224e   0x00000002   Code   RO          169    i.ZHOSConddealloc11111  switch.o
    0x08002250   0x0000004c   Code   RO          381    i.ZHOSInit          zhos.o
    0x0800229c   0x0000003c   Code   RO          309    i.ZHQueue_ctor      queue.o
    0x080022d8   0x0000002c   Code   RO          310    i.ZHQueue_new       queue.o
    0x08002304   0x00000002   Code   RO          313    i.ZHQueuedealloc11111  queue.o
    0x08002306   0x00000028   Code   RO         1254    i.__ARM_fpclassify  m_ws.l(fpclassify.o)
    0x0800232e   0x0000000e   Code   RO         1139    i._is_digit         c_w.l(__printf_wp.o)
    0x0800233c   0x00000044   Code   RO           97    i._mem_free         memory.o
    0x08002380   0x0000002c   Code   RO           98    i._mem_init         memory.o
    0x080023ac   0x00000070   Code   RO           99    i._mem_malloc       memory.o
    0x0800241c   0x00000008   Code   RO          170    i.condSignal        switch.o
    0x08002424   0x00000044   Code   RO          171    i.condWait          switch.o
    0x08002468   0x00000074   Code   RO         1044    i.consumer          main.o
    0x080024dc   0x00000024   Code   RO          172    i.createCond        switch.o
    0x08002500   0x0000004c   Code   RO          314    i.deQueue           queue.o
    0x0800254c   0x00000050   Code   RO          315    i.enQueue           queue.o
    0x0800259c   0x00000048   Code   RO          316    i.getConWithIndex   queue.o
    0x080025e4   0x0000000c   Code   RO          173    i.getOSTickTime     switch.o
    0x080025f0   0x000000bc   Code   RO            1    i.lw_oopc_free      lw_oopc.o
    0x080026ac   0x00000094   Code   RO            2    i.lw_oopc_malloc    lw_oopc.o
    0x08002740   0x00000040   Code   RO         1045    i.main              main.o
    0x08002780   0x0000001c   Code   RO          100    i.myfree            memory.o
    0x0800279c   0x00000020   Code   RO          101    i.mymalloc          memory.o
    0x080027bc   0x00000014   Code   RO          104    i.mymemset          memory.o
    0x080027d0   0x00000040   Code   RO         1046    i.producer          main.o
    0x08002810   0x0000000c   Code   RO          317    i.queueDealloc      queue.o
    0x0800281c   0x00000038   Code   RO          318    i.queueInit         queue.o
    0x08002854   0x0000000c   Code   RO          174    i.releaseCond       switch.o
    0x08002860   0x00000002   Code   RO            4    i.rootClass_ctor    lw_oopc.o
    0x08002862   0x00000002   PAD
    0x08002864   0x000000a0   Code   RO          284    i.uart_init         log.o
    0x08002904   0x0000002c   Code   RO         1241    locale$$code        c_w.l(lc_numeric_c.o)
    0x08002930   0x0000002c   Code   RO         1262    locale$$code        c_w.l(lc_ctype_c.o)
    0x0800295c   0x00000004   Code   RO         1172    x$fpl$printf1       fz_ws.l(printf1.o)
    0x08002960   0x00000000   Code   RO         1253    x$fpl$usenofp       fz_ws.l(usenofp.o)
    0x08002960   0x00000008   Data   RO         1098    .constdata          c_w.l(_printf_wctomb.o)
    0x08002968   0x00000028   Data   RO         1127    .constdata          c_w.l(_printf_hex_int_ll_ptr.o)
    0x08002990   0x00000011   Data   RO         1147    .constdata          c_w.l(__printf_flags_ss_wp.o)
    0x080029a1   0x00000003   PAD
    0x080029a4   0x00000094   Data   RO         1216    .constdata          c_w.l(bigflt0.o)
    0x08002a38   0x00000047   Data   RO            5    .conststring        lw_oopc.o
    0x08002a7f   0x00000001   PAD
    0x08002a80   0x00000020   Data   RO         1388    Region$$Table       anon$$obj.o
    0x08002aa0   0x0000001c   Data   RO         1240    locale$$data        c_w.l(lc_numeric_c.o)
    0x08002abc   0x00000110   Data   RO         1261    locale$$data        c_w.l(lc_ctype_c.o)


    Execution Region RW_IRAM1 (Base: 0x20000000, Size: 0x0000af28, Max: 0x00010000, ABSOLUTE)

    Base Addr    Size         Type   Attr      Idx    E Section Name        Object

    0x20000000   0x00000004   Data   RW            6    .data               lw_oopc.o
    0x20000004   0x0000000c   Data   RW          106    .data               memory.o
    0x20000010   0x00000020   Data   RW          175    .data               switch.o
    0x20000030   0x00000004   Data   RW          382    .data               zhos.o
    0x20000034   0x00000014   Data   RW          484    .data               system_stm32f10x.o
    0x20000048   0x00000014   Data   RW          876    .data               stm32f10x_rcc.o
    0x2000005c   0x00000004   PAD
    0x20000060   0x0000aa00   Zero   RW          105    .bss                memory.o
    0x2000aa60   0x00000064   Zero   RW          285    .bss                log.o
    0x2000aac4   0x00000060   Zero   RW         1257    .bss                c_w.l(libspace.o)
    0x2000ab24   0x00000004   PAD
    0x2000ab28   0x00000000   Zero   RW          440    HEAP                startup_stm32f10x_hd.o
    0x2000ab28   0x00000400   Zero   RW          439    STACK               startup_stm32f10x_hd.o


==============================================================================

Image component sizes


      Code (inc. data)   RO Data    RW Data    ZI Data      Debug   Object Name

        32          0          0          0          0        492   core_cm3.o
       240         16          0          0        100       1752   log.o
       338        152         71          4          0     238377   lw_oopc.o
       244         92          0          0          0       1393   main.o
       304         24          0         12      43520       3931   memory.o
       132         22          0          0          0       1395   misc.o
       402        124          0          0          0       4476   queue.o
        60         22        304          0       1024        764   startup_stm32f10x_hd.o
       278          0          0          0          0       1872   stm32f10x_gpio.o
       244         26          0         20          0       3689   stm32f10x_rcc.o
       348          6          0          0          0       4597   stm32f10x_usart.o
      1002        176          0         32          0      25134   switch.o
        12          0          0          0          0        405   sys.o
       328         28          0         20          0       2029   system_stm32f10x.o
       240         92          0          4          0       3839   zhos.o

    ----------------------------------------------------------------------
      4214        780        408         92      44648     294145   Object Totals
         0          0         32          0          0          0   (incl. Generated)
        10          0          1          0          4          0   (incl. Padding)

    ----------------------------------------------------------------------

      Code (inc. data)   RO Data    RW Data    ZI Data      Debug   Library Member Name

         8          0          0          0          0         68   __main.o
       392          4         17          0          0         92   __printf_flags_ss_wp.o
        14          0          0          0          0         68   __printf_wp.o
         0          0          0          0          0          0   __rtentry.o
        12          0          0          0          0          0   __rtentry2.o
         6          0          0          0          0          0   __rtentry4.o
        52          8          0          0          0          0   __scatter.o
        26          0          0          0          0          0   __scatter_copy.o
        28          0          0          0          0          0   __scatter_zi.o
         6          0          0          0          0          0   _printf_a.o
         6          0          0          0          0          0   _printf_c.o
        44          0          0          0          0        108   _printf_char.o
        48          6          0          0          0         96   _printf_char_common.o
        40          0          0          0          0         68   _printf_charcount.o
         6          0          0          0          0          0   _printf_d.o
       120         16          0          0          0         92   _printf_dec.o
         6          0          0          0          0          0   _printf_e.o
         6          0          0          0          0          0   _printf_f.o
      1050          0          0          0          0        216   _printf_fp_dec.o
       128         16          0          0          0         84   _printf_fp_infnan.o
         6          0          0          0          0          0   _printf_g.o
       148          4         40          0          0        160   _printf_hex_int_ll_ptr.o
         6          0          0          0          0          0   _printf_i.o
       178          0          0          0          0         88   _printf_intcommon.o
        10          0          0          0          0          0   _printf_l.o
         6          0          0          0          0          0   _printf_lc.o
        10          0          0          0          0          0   _printf_ll.o
         6          0          0          0          0          0   _printf_lld.o
         6          0          0          0          0          0   _printf_lli.o
         6          0          0          0          0          0   _printf_llo.o
         6          0          0          0          0          0   _printf_llu.o
         6          0          0          0          0          0   _printf_llx.o
       124         16          0          0          0         92   _printf_longlong_dec.o
         6          0          0          0          0          0   _printf_ls.o
         6          0          0          0          0          0   _printf_n.o
         6          0          0          0          0          0   _printf_o.o
       112          8          0          0          0        124   _printf_oct_int_ll.o
         6          0          0          0          0          0   _printf_p.o
        78          0          0          0          0        108   _printf_pad.o
         0          0          0          0          0          0   _printf_percent.o
         4          0          0          0          0          0   _printf_percent_end.o
         6          0          0          0          0          0   _printf_s.o
        82          0          0          0          0         80   _printf_str.o
        36          0          0          0          0         84   _printf_truncate.o
         6          0          0          0          0          0   _printf_u.o
        44          0          0          0          0        108   _printf_wchar.o
       188          6          8          0          0         92   _printf_wctomb.o
         6          0          0          0          0          0   _printf_x.o
        10          0          0          0          0         68   _sputc.o
        64          0          0          0          0         92   _wcrtomb.o
       220          4        148          0          0         96   bigflt0.o
      1910        128          0          0          0        672   btod.o
        36          4          0          0          0         76   c89vsprintf.o
        18          0          0          0          0         80   exit.o
         6          0          0          0          0        152   heapauxi.o
         0          0          0          0          0          0   indicate_semi.o
        44         10        272          0          0         76   lc_ctype_c.o
        44         10         28          0          0         76   lc_numeric_c.o
         2          0          0          0          0          0   libinit.o
        30          0          0          0          0          0   libinit2.o
         2          0          0          0          0          0   libshutdown.o
         2          0          0          0          0          0   libshutdown2.o
         8          4          0          0         96         68   libspace.o
       138          0          0          0          0         80   lludiv10.o
        16          4          0          0          0         76   rt_ctype_table.o
         8          4          0          0          0         68   rt_locale_intlibspace.o
         2          0          0          0          0          0   rtexit.o
        10          0          0          0          0          0   rtexit2.o
       128          0          0          0          0         68   strcmpv7m.o
        72          0          0          0          0         80   strcpy.o
        62          0          0          0          0         76   strlen.o
        12          4          0          0          0         68   sys_exit.o
        74          0          0          0          0         80   sys_stackheap_outer.o
         2          0          0          0          0         68   use_no_semi.o
         4          0          0          0          0         68   printf1.o
         0          0          0          0          0          0   usenofp.o
        40          0          0          0          0         68   fpclassify.o

    ----------------------------------------------------------------------
      6074        256        516          0        100       4084   Library Totals
         8          0          3          0          4          0   (incl. Padding)

    ----------------------------------------------------------------------

      Code (inc. data)   RO Data    RW Data    ZI Data      Debug   Library Name

      6022        256        513          0         96       3948   c_w.l
         4          0          0          0          0         68   fz_ws.l
        40          0          0          0          0         68   m_ws.l

    ----------------------------------------------------------------------
      6074        256        516          0        100       4084   Library Totals

    ----------------------------------------------------------------------

==============================================================================


      Code (inc. data)   RO Data    RW Data    ZI Data      Debug   

     10288       1036        924         92      44748     293129   Grand Totals
     10288       1036        924         92      44748     293129   ELF Image Totals
     10288       1036        924         92          0          0   ROM Totals

==============================================================================

    Total RO  Size (Code + RO Data)                11212 (  10.95kB)
    Total RW  Size (RW Data + ZI Data)             44840 (  43.79kB)
    Total ROM Size (Code + RO Data + RW Data)      11304 (  11.04kB)

==============================================================================

